Archive member included to satisfy reference by file (symbol)

c:/st/stm32cubeide_1.8.0/stm32cubeide/plugins/com.st.stm32cube.ide.mcu.externaltools.gnu-tools-for-stm32.10.3-2021.10.win32_1.0.200.202301161003/tools/bin/../lib/gcc/arm-none-eabi/10.3.1/../../../../arm-none-eabi/lib/thumb/v7e-m+fp/hard\libc_nano.a(lib_a-errno.o)
                              ./Core/Src/syscalls.o (__errno)
c:/st/stm32cubeide_1.8.0/stm32cubeide/plugins/com.st.stm32cube.ide.mcu.externaltools.gnu-tools-for-stm32.10.3-2021.10.win32_1.0.200.202301161003/tools/bin/../lib/gcc/arm-none-eabi/10.3.1/../../../../arm-none-eabi/lib/thumb/v7e-m+fp/hard\libc_nano.a(lib_a-exit.o)
                              c:/st/stm32cubeide_1.8.0/stm32cubeide/plugins/com.st.stm32cube.ide.mcu.externaltools.gnu-tools-for-stm32.10.3-2021.10.win32_1.0.200.202301161003/tools/bin/../lib/gcc/arm-none-eabi/10.3.1/../../../../arm-none-eabi/lib/thumb/v7e-m+fp/hard/crt0.o (exit)
c:/st/stm32cubeide_1.8.0/stm32cubeide/plugins/com.st.stm32cube.ide.mcu.externaltools.gnu-tools-for-stm32.10.3-2021.10.win32_1.0.200.202301161003/tools/bin/../lib/gcc/arm-none-eabi/10.3.1/../../../../arm-none-eabi/lib/thumb/v7e-m+fp/hard\libc_nano.a(lib_a-impure.o)
                              c:/st/stm32cubeide_1.8.0/stm32cubeide/plugins/com.st.stm32cube.ide.mcu.externaltools.gnu-tools-for-stm32.10.3-2021.10.win32_1.0.200.202301161003/tools/bin/../lib/gcc/arm-none-eabi/10.3.1/../../../../arm-none-eabi/lib/thumb/v7e-m+fp/hard\libc_nano.a(lib_a-exit.o) (_global_impure_ptr)
c:/st/stm32cubeide_1.8.0/stm32cubeide/plugins/com.st.stm32cube.ide.mcu.externaltools.gnu-tools-for-stm32.10.3-2021.10.win32_1.0.200.202301161003/tools/bin/../lib/gcc/arm-none-eabi/10.3.1/../../../../arm-none-eabi/lib/thumb/v7e-m+fp/hard\libc_nano.a(lib_a-init.o)
                              c:/st/stm32cubeide_1.8.0/stm32cubeide/plugins/com.st.stm32cube.ide.mcu.externaltools.gnu-tools-for-stm32.10.3-2021.10.win32_1.0.200.202301161003/tools/bin/../lib/gcc/arm-none-eabi/10.3.1/../../../../arm-none-eabi/lib/thumb/v7e-m+fp/hard/crt0.o (__libc_init_array)
c:/st/stm32cubeide_1.8.0/stm32cubeide/plugins/com.st.stm32cube.ide.mcu.externaltools.gnu-tools-for-stm32.10.3-2021.10.win32_1.0.200.202301161003/tools/bin/../lib/gcc/arm-none-eabi/10.3.1/../../../../arm-none-eabi/lib/thumb/v7e-m+fp/hard\libc_nano.a(lib_a-malloc.o)
                              ./Middlewares/ST/STM32_USB_Host_Library/Class/CDC/Src/usbh_cdc.o (malloc)
c:/st/stm32cubeide_1.8.0/stm32cubeide/plugins/com.st.stm32cube.ide.mcu.externaltools.gnu-tools-for-stm32.10.3-2021.10.win32_1.0.200.202301161003/tools/bin/../lib/gcc/arm-none-eabi/10.3.1/../../../../arm-none-eabi/lib/thumb/v7e-m+fp/hard\libc_nano.a(lib_a-memcpy-stub.o)
                              ./Middlewares/Third_Party/FreeRTOS/Source/CMSIS_RTOS_V2/cmsis_os2.o (memcpy)
c:/st/stm32cubeide_1.8.0/stm32cubeide/plugins/com.st.stm32cube.ide.mcu.externaltools.gnu-tools-for-stm32.10.3-2021.10.win32_1.0.200.202301161003/tools/bin/../lib/gcc/arm-none-eabi/10.3.1/../../../../arm-none-eabi/lib/thumb/v7e-m+fp/hard\libc_nano.a(lib_a-memset.o)
                              c:/st/stm32cubeide_1.8.0/stm32cubeide/plugins/com.st.stm32cube.ide.mcu.externaltools.gnu-tools-for-stm32.10.3-2021.10.win32_1.0.200.202301161003/tools/bin/../lib/gcc/arm-none-eabi/10.3.1/../../../../arm-none-eabi/lib/thumb/v7e-m+fp/hard/crt0.o (memset)
c:/st/stm32cubeide_1.8.0/stm32cubeide/plugins/com.st.stm32cube.ide.mcu.externaltools.gnu-tools-for-stm32.10.3-2021.10.win32_1.0.200.202301161003/tools/bin/../lib/gcc/arm-none-eabi/10.3.1/../../../../arm-none-eabi/lib/thumb/v7e-m+fp/hard\libc_nano.a(lib_a-nano-freer.o)
                              c:/st/stm32cubeide_1.8.0/stm32cubeide/plugins/com.st.stm32cube.ide.mcu.externaltools.gnu-tools-for-stm32.10.3-2021.10.win32_1.0.200.202301161003/tools/bin/../lib/gcc/arm-none-eabi/10.3.1/../../../../arm-none-eabi/lib/thumb/v7e-m+fp/hard\libc_nano.a(lib_a-malloc.o) (_free_r)
c:/st/stm32cubeide_1.8.0/stm32cubeide/plugins/com.st.stm32cube.ide.mcu.externaltools.gnu-tools-for-stm32.10.3-2021.10.win32_1.0.200.202301161003/tools/bin/../lib/gcc/arm-none-eabi/10.3.1/../../../../arm-none-eabi/lib/thumb/v7e-m+fp/hard\libc_nano.a(lib_a-nano-mallocr.o)
                              c:/st/stm32cubeide_1.8.0/stm32cubeide/plugins/com.st.stm32cube.ide.mcu.externaltools.gnu-tools-for-stm32.10.3-2021.10.win32_1.0.200.202301161003/tools/bin/../lib/gcc/arm-none-eabi/10.3.1/../../../../arm-none-eabi/lib/thumb/v7e-m+fp/hard\libc_nano.a(lib_a-malloc.o) (_malloc_r)
c:/st/stm32cubeide_1.8.0/stm32cubeide/plugins/com.st.stm32cube.ide.mcu.externaltools.gnu-tools-for-stm32.10.3-2021.10.win32_1.0.200.202301161003/tools/bin/../lib/gcc/arm-none-eabi/10.3.1/../../../../arm-none-eabi/lib/thumb/v7e-m+fp/hard\libc_nano.a(lib_a-sbrkr.o)
[...]
Memory Configuration

Name             Origin             Length             Attributes
CCMRAM           0x0000000010000000 0x0000000000010000 xrw
RAM              0x0000000020000000 0x0000000000020000 xrw
FLASH            0x0000000008000000 0x0000000000100000 xr
*default*        0x0000000000000000 0xffffffffffffffff

Linker script and memory map

LOAD c:/st/stm32cubeide_1.8.0/stm32cubeide/plugins/com.st.stm32cube.ide.mcu.externaltools.gnu-tools-for-stm32.10.3-2021.10.win32_1.0.200.202301161003/tools/bin/../lib/gcc/arm-none-eabi/10.3.1/thumb/v7e-m+fp/hard/crti.o
LOAD c:/st/stm32cubeide_1.8.0/stm32cubeide/plugins/com.st.stm32cube.ide.mcu.externaltools.gnu-tools-for-stm32.10.3-2021.10.win32_1.0.200.202301161003/tools/bin/../lib/gcc/arm-none-eabi/10.3.1/thumb/v7e-m+fp/hard/crtbegin.o
LOAD c:/st/stm32cubeide_1.8.0/stm32cubeide/plugins/com.st.stm32cube.ide.mcu.externaltools.gnu-tools-for-stm32.10.3-2021.10.win32_1.0.200.202301161003/tools/bin/../lib/gcc/arm-none-eabi/10.3.1/../../../../arm-none-eabi/lib/thumb/v7e-m+fp/hard/crt0.o
LOAD ./Core/Src/freertos.o
LOAD ./Core/Src/main.o
LOAD ./Core/Src/stm32f4xx_hal_msp.o
LOAD ./Core/Src/stm32f4xx_it.o
LOAD ./Core/Src/syscalls.o
LOAD ./Core/Src/sysmem.o
LOAD ./Core/Src/system_stm32f4xx.o
LOAD ./Core/Startup/startup_stm32f407vgtx.o
LOAD ./Drivers/STM32F4xx_HAL_Driver/Src/stm32f4xx_hal.o
LOAD ./Drivers/STM32F4xx_HAL_Driver/Src/stm32f4xx_hal_adc.o
LOAD ./Drivers/STM32F4xx_HAL_Driver/Src/stm32f4xx_hal_adc_ex.o
LOAD ./Drivers/STM32F4xx_HAL_Driver/Src/stm32f4xx_hal_cortex.o
LOAD ./Drivers/STM32F4xx_HAL_Driver/Src/stm32f4xx_hal_dma.o
LOAD ./Drivers/STM32F4xx_HAL_Driver/Src/stm32f4xx_hal_dma_ex.o
LOAD ./Drivers/STM32F4xx_HAL_Driver/Src/stm32f4xx_hal_exti.o
LOAD ./Drivers/STM32F4xx_HAL_Driver/Src/stm32f4xx_hal_flash.o
LOAD ./Drivers/STM32F4xx_HAL_Driver/Src/stm32f4xx_hal_flash_ex.o
LOAD ./Drivers/STM32F4xx_HAL_Driver/Src/stm32f4xx_hal_flash_ramfunc.o
LOAD ./Drivers/STM32F4xx_HAL_Driver/Src/stm32f4xx_hal_gpio.o
LOAD ./Drivers/STM32F4xx_HAL_Driver/Src/stm32f4xx_hal_hcd.o
LOAD ./Drivers/STM32F4xx_HAL_Driver/Src/stm32f4xx_hal_pwr.o
LOAD ./Drivers/STM32F4xx_HAL_Driver/Src/stm32f4xx_hal_pwr_ex.o
LOAD ./Drivers/STM32F4xx_HAL_Driver/Src/stm32f4xx_hal_rcc.o
LOAD ./Drivers/STM32F4xx_HAL_Driver/Src/stm32f4xx_hal_rcc_ex.o
LOAD ./Drivers/STM32F4xx_HAL_Driver/Src/stm32f4xx_hal_tim.o
LOAD ./Drivers/STM32F4xx_HAL_Driver/Src/stm32f4xx_hal_tim_ex.o
LOAD ./Drivers/STM32F4xx_HAL_Driver/Src/stm32f4xx_hal_uart.o
LOAD ./Drivers/STM32F4xx_HAL_Driver/Src/stm32f4xx_ll_adc.o
LOAD ./Drivers/STM32F4xx_HAL_Driver/Src/stm32f4xx_ll_usb.o
LOAD ./Middlewares/ST/STM32_USB_Host_Library/Class/CDC/Src/usbh_cdc.o
LOAD ./Middlewares/ST/STM32_USB_Host_Library/Core/Src/usbh_core.o
LOAD ./Middlewares/ST/STM32_USB_Host_Library/Core/Src/usbh_ctlreq.o
LOAD ./Middlewares/ST/STM32_USB_Host_Library/Core/Src/usbh_ioreq.o
LOAD ./Middlewares/ST/STM32_USB_Host_Library/Core/Src/usbh_pipes.o
LOAD ./Middlewares/Third_Party/FreeRTOS/Source/CMSIS_RTOS_V2/cmsis_os2.o
LOAD ./Middlewares/Third_Party/FreeRTOS/Source/croutine.o
LOAD ./Middlewares/Third_Party/FreeRTOS/Source/event_groups.o
LOAD ./Middlewares/Third_Party/FreeRTOS/Source/list.o
LOAD ./Middlewares/Third_Party/FreeRTOS/Source/queue.o
LOAD ./Middlewares/Third_Party/FreeRTOS/Source/stream_buffer.o
LOAD ./Middlewares/Third_Party/FreeRTOS/Source/tasks.o
LOAD ./Middlewares/Third_Party/FreeRTOS/Source/timers.o
LOAD ./Middlewares/Third_Party/FreeRTOS/Source/portable/GCC/ARM_CM4F/port.o
LOAD ./Middlewares/Third_Party/FreeRTOS/Source/portable/MemMang/heap_4.o
LOAD ./USB_HOST/App/usb_host.o
LOAD ./USB_HOST/Target/usbh_conf.o
LOAD ./USB_HOST/Target/usbh_platform.o
START GROUP
LOAD c:/st/stm32cubeide_1.8.0/stm32cubeide/plugins/com.st.stm32cube.ide.mcu.externaltools.gnu-tools-for-stm32.10.3-2021.10.win32_1.0.200.202301161003/tools/bin/../lib/gcc/arm-none-eabi/10.3.1/../../../../arm-none-eabi/lib/thumb/v7e-m+fp/hard\libc_nano.a
LOAD c:/st/stm32cubeide_1.8.0/stm32cubeide/plugins/com.st.stm32cube.ide.mcu.externaltools.gnu-tools-for-stm32.10.3-2021.10.win32_1.0.200.202301161003/tools/bin/../lib/gcc/arm-none-eabi/10.3.1/../../../../arm-none-eabi/lib/thumb/v7e-m+fp/hard\libm.a
END GROUP
START GROUP
LOAD c:/st/stm32cubeide_1.8.0/stm32cubeide/plugins/com.st.stm32cube.ide.mcu.externaltools.gnu-tools-for-stm32.10.3-2021.10.win32_1.0.200.202301161003/tools/bin/../lib/gcc/arm-none-eabi/10.3.1/thumb/v7e-m+fp/hard\libgcc.a
LOAD c:/st/stm32cubeide_1.8.0/stm32cubeide/plugins/com.st.stm32cube.ide.mcu.externaltools.gnu-tools-for-stm32.10.3-2021.10.win32_1.0.200.202301161003/tools/bin/../lib/gcc/arm-none-eabi/10.3.1/../../../../arm-none-eabi/lib/thumb/v7e-m+fp/hard\libc_nano.a
END GROUP
START GROUP
LOAD c:/st/stm32cubeide_1.8.0/stm32cubeide/plugins/com.st.stm32cube.ide.mcu.externaltools.gnu-tools-for-stm32.10.3-2021.10.win32_1.0.200.202301161003/tools/bin/../lib/gcc/arm-none-eabi/10.3.1/thumb/v7e-m+fp/hard\libgcc.a
LOAD c:/st/stm32cubeide_1.8.0/stm32cubeide/plugins/com.st.stm32cube.ide.mcu.externaltools.gnu-tools-for-stm32.10.3-2021.10.win32_1.0.200.202301161003/tools/bin/../lib/gcc/arm-none-eabi/10.3.1/../../../../arm-none-eabi/lib/thumb/v7e-m+fp/hard\libc_nano.a
LOAD c:/st/stm32cubeide_1.8.0/stm32cubeide/plugins/com.st.stm32cube.ide.mcu.externaltools.gnu-tools-for-stm32.10.3-2021.10.win32_1.0.200.202301161003/tools/bin/../lib/gcc/arm-none-eabi/10.3.1/../../../../arm-none-eabi/lib/thumb/v7e-m+fp/hard\libnosys.a
END GROUP
START GROUP
LOAD c:/st/stm32cubeide_1.8.0/stm32cubeide/plugins/com.st.stm32cube.ide.mcu.externaltools.gnu-tools-for-stm32.10.3-2021.10.win32_1.0.200.202301161003/tools/bin/../lib/gcc/arm-none-eabi/10.3.1/thumb/v7e-m+fp/hard\libgcc.a
LOAD c:/st/stm32cubeide_1.8.0/stm32cubeide/plugins/com.st.stm32cube.ide.mcu.externaltools.gnu-tools-for-stm32.10.3-2021.10.win32_1.0.200.202301161003/tools/bin/../lib/gcc/arm-none-eabi/10.3.1/../../../../arm-none-eabi/lib/thumb/v7e-m+fp/hard\libc_nano.a
LOAD c:/st/stm32cubeide_1.8.0/stm32cubeide/plugins/com.st.stm32cube.ide.mcu.externaltools.gnu-tools-for-stm32.10.3-2021.10.win32_1.0.200.202301161003/tools/bin/../lib/gcc/arm-none-eabi/10.3.1/../../../../arm-none-eabi/lib/thumb/v7e-m+fp/hard\libnosys.a
END GROUP
LOAD c:/st/stm32cubeide_1.8.0/stm32cubeide/plugins/com.st.stm32cube.ide.mcu.externaltools.gnu-tools-for-stm32.10.3-2021.10.win32_1.0.200.202301161003/tools/bin/../lib/gcc/arm-none-eabi/10.3.1/thumb/v7e-m+fp/hard/crtend.o
LOAD c:/st/stm32cubeide_1.8.0/stm32cubeide/plugins/com.st.stm32cube.ide.mcu.externaltools.gnu-tools-for-stm32.10.3-2021.10.win32_1.0.200.202301161003/tools/bin/../lib/gcc/arm-none-eabi/10.3.1/thumb/v7e-m+fp/hard/crtn.o
                0x0000000020020000                _estack = (ORIGIN (RAM) + LENGTH (RAM))
                0x0000000000000200                _Min_Heap_Size = 0x200
                0x0000000000000400                _Min_Stack_Size = 0x400

.isr_vector     0x0000000008000000      0x188
                0x0000000008000000                . = ALIGN (0x4)
 *(.isr_vector)
 .isr_vector    0x0000000008000000      0x188 ./Core/Startup/startup_stm32f407vgtx.o
                0x0000000008000000                g_pfnVectors
                0x0000000008000188                . = ALIGN (0x4)

.text           0x0000000008000190     0xd108
                0x0000000008000190                . = ALIGN (0x4)
 *(.text)
 .text          0x0000000008000190       0x40 c:/st/stm32cubeide_1.8.0/stm32cubeide/plugins/com.st.stm32cube.ide.mcu.externaltools.gnu-tools-for-stm32.10.3-2021.10.win32_1.0.200.202301161003/tools/bin/../lib/gcc/arm-none-eabi/10.3.1/thumb/v7e-m+fp/hard/crtbegin.o
 .text          0x00000000080001d0       0xa0 c:/st/stm32cubeide_1.8.0/stm32cubeide/plugins/com.st.stm32cube.ide.mcu.externaltools.gnu-tools-for-stm32.10.3-2021.10.win32_1.0.200.202301161003/tools/bin/../lib/gcc/arm-none-eabi/10.3.1/../../../../arm-none-eabi/lib/thumb/v7e-m+fp/hard\libc_nano.a(lib_a-memchr.o)
                0x00000000080001d0                memchr
 .text          0x0000000008000270       0x30 c:/st/stm32cubeide_1.8.0/stm32cubeide/plugins/com.st.stm32cube.ide.mcu.externaltools.gnu-tools-for-stm32.10.3-2021.10.win32_1.0.200.202301161003/tools/bin/../lib/gcc/arm-none-eabi/10.3.1/thumb/v7e-m+fp/hard\libgcc.a(_aeabi_uldivmod.o)
                0x0000000008000270                __aeabi_uldivmod
 .text          0x00000000080002a0      0x2d0 c:/st/stm32cubeide_1.8.0/stm32cubeide/plugins/com.st.stm32cube.ide.mcu.externaltools.gnu-tools-for-stm32.10.3-2021.10.win32_1.0.200.202301161003/tools/bin/../lib/gcc/arm-none-eabi/10.3.1/thumb/v7e-m+fp/hard\libgcc.a(_udivmoddi4.o)
                0x00000000080002a0                __udivmoddi4
 .text          0x0000000008000570        0x4 c:/st/stm32cubeide_1.8.0/stm32cubeide/plugins/com.st.stm32cube.ide.mcu.externaltools.gnu-tools-for-stm32.10.3-2021.10.win32_1.0.200.202301161003/tools/bin/../lib/gcc/arm-none-eabi/10.3.1/thumb/v7e-m+fp/hard\libgcc.a(_dvmd_tls.o)
                0x0000000008000570                __aeabi_idiv0
                0x0000000008000570                __aeabi_ldiv0
 *(.text*)
 .text.dithang  0x0000000008000574       0x20 ./Core/Src/main.o
                0x0000000008000574                dithang
 .text.dilui    0x0000000008000594       0x20 ./Core/Src/main.o
                0x0000000008000594                dilui
 .text.dunglai  0x00000000080005b4       0x20 ./Core/Src/main.o
                0x00000000080005b4                dunglai
 .text.dingangphai
                0x00000000080005d4       0x20 ./Core/Src/main.o
                0x00000000080005d4                dingangphai
 .text.dingangtrai
                0x00000000080005f4       0x20 ./Core/Src/main.o
                0x00000000080005f4                dingangtrai
 .text.queotrai
                0x0000000008000614       0x20 ./Core/Src/main.o
                0x0000000008000614                queotrai
 .text.queophai
                0x0000000008000634       0x20 ./Core/Src/main.o
                0x0000000008000634                queophai
 .text.xienlen_trai
                0x0000000008000654       0x2c ./Core/Src/main.o
                0x0000000008000654                xienlen_trai
 .text.xienxuong_phai
                0x0000000008000680       0x2c ./Core/Src/main.o
                0x0000000008000680                xienxuong_phai
 .text.xienlen_phai
                0x00000000080006ac       0x2c ./Core/Src/main.o
                0x00000000080006ac                xienlen_phai
 .text.xienxuong_trai
                0x00000000080006d8       0x2c ./Core/Src/main.o
                0x00000000080006d8                xienxuong_trai
 .text.main     0x0000000008000704       0x7c ./Core/Src/main.o
                0x0000000008000704                main
 .text.SystemClock_Config
                0x0000000008000780       0xd4 ./Core/Src/main.o
                0x0000000008000780                SystemClock_Config
 .text.MX_ADC1_Init
                0x0000000008000854       0xa8 ./Core/Src/main.o
 .text.MX_TIM4_Init
                0x00000000080008fc       0xec ./Core/Src/main.o
 .text.MX_UART4_Init
                0x00000000080009e8       0x54 ./Core/Src/main.o
 .text.MX_GPIO_Init
                0x0000000008000a3c      0x250 ./Core/Src/main.o
 .text.Uart4rec
                0x0000000008000c8c       0x44 ./Core/Src/main.o
                0x0000000008000c8c                Uart4rec
 .text.runcar   0x0000000008000cd0      0x118 ./Core/Src/main.o
                0x0000000008000cd0                runcar
 .text.adcread1
                0x0000000008000de8       0x44 ./Core/Src/main.o
                0x0000000008000de8                adcread1
 .text.Error_Handler
                0x0000000008000e2c        0xa ./Core/Src/main.o
                0x0000000008000e2c                Error_Handler
 *fill*         0x0000000008000e36        0x2 
 .text.HAL_MspInit
                0x0000000008000e38       0x58 ./Core/Src/stm32f4xx_hal_msp.o
                0x0000000008000e38                HAL_MspInit
 .text.HAL_ADC_MspInit
                0x0000000008000e90       0x88 ./Core/Src/stm32f4xx_hal_msp.o
                0x0000000008000e90                HAL_ADC_MspInit
 .text.HAL_TIM_Base_MspInit
                0x0000000008000f18       0x44 ./Core/Src/stm32f4xx_hal_msp.o
                0x0000000008000f18                HAL_TIM_Base_MspInit
 .text.HAL_TIM_MspPostInit
                0x0000000008000f5c       0x74 ./Core/Src/stm32f4xx_hal_msp.o
                0x0000000008000f5c                HAL_TIM_MspPostInit
 .text.HAL_UART_MspInit
                0x0000000008000fd0       0xa0 ./Core/Src/stm32f4xx_hal_msp.o
                0x0000000008000fd0                HAL_UART_MspInit
 .text.NMI_Handler
                0x0000000008001070        0x6 ./Core/Src/stm32f4xx_it.o
                0x0000000008001070                NMI_Handler
 .text.HardFault_Handler
                0x0000000008001076        0x6 ./Core/Src/stm32f4xx_it.o
                0x0000000008001076                HardFault_Handler
 .text.MemManage_Handler
                0x000000000800107c        0x6 ./Core/Src/stm32f4xx_it.o
                0x000000000800107c                MemManage_Handler
 .text.BusFault_Handler
                0x0000000008001082        0x6 ./Core/Src/stm32f4xx_it.o
                0x0000000008001082                BusFault_Handler
 .text.UsageFault_Handler
                0x0000000008001088        0x6 ./Core/Src/stm32f4xx_it.o
                0x0000000008001088                UsageFault_Handler
 .text.DebugMon_Handler
                0x000000000800108e        0xe ./Core/Src/stm32f4xx_it.o
                0x000000000800108e                DebugMon_Handler
 .text.SysTick_Handler
                0x000000000800109c       0x1a ./Core/Src/stm32f4xx_it.o
                0x000000000800109c                SysTick_Handler
 *fill*         0x00000000080010b6        0x2 
 .text.UART4_IRQHandler
                0x00000000080010b8       0x24 ./Core/Src/stm32f4xx_it.o
                0x00000000080010b8                UART4_IRQHandler
 .text.OTG_FS_IRQHandler
                0x00000000080010dc       0x14 ./Core/Src/stm32f4xx_it.o
                0x00000000080010dc                OTG_FS_IRQHandler
 .text._sbrk    0x00000000080010f0       0x6c ./Core/Src/sysmem.o
                0x00000000080010f0                _sbrk
 .text.SystemInit
                0x000000000800115c       0x24 ./Core/Src/system_stm32f4xx.o
                0x000000000800115c                SystemInit
 .text.Reset_Handler
                0x0000000008001180       0x50 ./Core/Startup/startup_stm32f407vgtx.o
                0x0000000008001180                Reset_Handler
 .text.Default_Handler
                0x00000000080011d0        0x2 ./Core/Startup/startup_stm32f407vgtx.o
                0x00000000080011d0                RTC_Alarm_IRQHandler
                0x00000000080011d0                HASH_RNG_IRQHandler
                0x00000000080011d0                EXTI2_IRQHandler
                0x00000000080011d0                TIM8_CC_IRQHandler
                0x00000000080011d0                TIM1_CC_IRQHandler
                0x00000000080011d0                DMA2_Stream5_IRQHandler
                0x00000000080011d0                DMA1_Stream5_IRQHandler
                0x00000000080011d0                PVD_IRQHandler
                0x00000000080011d0                SDIO_IRQHandler
                0x00000000080011d0                TAMP_STAMP_IRQHandler
                0x00000000080011d0                CAN2_RX1_IRQHandler
                0x00000000080011d0                EXTI3_IRQHandler
                0x00000000080011d0                TIM8_TRG_COM_TIM14_IRQHandler
                0x00000000080011d0                TIM1_UP_TIM10_IRQHandler
                0x00000000080011d0                TIM8_UP_TIM13_IRQHandler
                0x00000000080011d0                I2C3_ER_IRQHandler
                0x00000000080011d0                EXTI0_IRQHandler
                0x00000000080011d0                I2C2_EV_IRQHandler
                0x00000000080011d0                DMA1_Stream2_IRQHandler
                0x00000000080011d0                CAN1_RX0_IRQHandler
                0x00000000080011d0                FPU_IRQHandler
                0x00000000080011d0                OTG_HS_WKUP_IRQHandler
                0x00000000080011d0                CAN2_SCE_IRQHandler
                0x00000000080011d0                DMA2_Stream2_IRQHandler
                0x00000000080011d0                SPI1_IRQHandler
                0x00000000080011d0                TIM6_DAC_IRQHandler
                0x00000000080011d0                TIM1_BRK_TIM9_IRQHandler
                0x00000000080011d0                DCMI_IRQHandler
                0x00000000080011d0                CAN2_RX0_IRQHandler
                0x00000000080011d0                DMA2_Stream3_IRQHandler
                0x00000000080011d0                USART6_IRQHandler
                0x00000000080011d0                USART3_IRQHandler
                0x00000000080011d0                CAN1_RX1_IRQHandler
                0x00000000080011d0                UART5_IRQHandler
                0x00000000080011d0                DMA2_Stream0_IRQHandler
                0x00000000080011d0                TIM4_IRQHandler
                0x00000000080011d0                I2C1_EV_IRQHandler
                0x00000000080011d0                DMA1_Stream6_IRQHandler
                0x00000000080011d0                DMA1_Stream1_IRQHandler
                0x00000000080011d0                TIM3_IRQHandler
                0x00000000080011d0                RCC_IRQHandler
                0x00000000080011d0                TIM8_BRK_TIM12_IRQHandler
                0x00000000080011d0                Default_Handler
                0x00000000080011d0                EXTI15_10_IRQHandler
                0x00000000080011d0                ADC_IRQHandler
                0x00000000080011d0                DMA1_Stream7_IRQHandler
                0x00000000080011d0                TIM7_IRQHandler
                0x00000000080011d0                CAN2_TX_IRQHandler
                0x00000000080011d0                TIM5_IRQHandler
                0x00000000080011d0                DMA2_Stream7_IRQHandler
                0x00000000080011d0                I2C3_EV_IRQHandler
                0x00000000080011d0                EXTI9_5_IRQHandler
                0x00000000080011d0                RTC_WKUP_IRQHandler
                0x00000000080011d0                ETH_WKUP_IRQHandler
                0x00000000080011d0                SPI2_IRQHandler
                0x00000000080011d0                OTG_HS_EP1_IN_IRQHandler
                0x00000000080011d0                DMA1_Stream0_IRQHandler
                0x00000000080011d0                CAN1_TX_IRQHandler
                0x00000000080011d0                EXTI4_IRQHandler
                0x00000000080011d0                FSMC_IRQHandler
                0x00000000080011d0                ETH_IRQHandler
                0x00000000080011d0                OTG_HS_EP1_OUT_IRQHandler
                0x00000000080011d0                WWDG_IRQHandler
                0x00000000080011d0                TIM2_IRQHandler
                0x00000000080011d0                OTG_FS_WKUP_IRQHandler
                0x00000000080011d0                TIM1_TRG_COM_TIM11_IRQHandler
                0x00000000080011d0                OTG_HS_IRQHandler
                0x00000000080011d0                EXTI1_IRQHandler
                0x00000000080011d0                USART2_IRQHandler
                0x00000000080011d0                I2C2_ER_IRQHandler
                0x00000000080011d0                DMA2_Stream1_IRQHandler
                0x00000000080011d0                CAN1_SCE_IRQHandler
                0x00000000080011d0                FLASH_IRQHandler
                0x00000000080011d0                DMA2_Stream4_IRQHandler
                0x00000000080011d0                USART1_IRQHandler
                0x00000000080011d0                SPI3_IRQHandler
                0x00000000080011d0                DMA1_Stream4_IRQHandler
                0x00000000080011d0                I2C1_ER_IRQHandler
                0x00000000080011d0                DMA2_Stream6_IRQHandler
                0x00000000080011d0                DMA1_Stream3_IRQHandler
 *fill*         0x00000000080011d2        0x2 
 .text.HAL_Init
                0x00000000080011d4       0x44 ./Drivers/STM32F4xx_HAL_Driver/Src/stm32f4xx_hal.o
                0x00000000080011d4                HAL_Init
 .text.HAL_InitTick
                0x0000000008001218       0x60 ./Drivers/STM32F4xx_HAL_Driver/Src/stm32f4xx_hal.o
                0x0000000008001218                HAL_InitTick
 .text.HAL_IncTick
                0x0000000008001278       0x28 ./Drivers/STM32F4xx_HAL_Driver/Src/stm32f4xx_hal.o
                0x0000000008001278                HAL_IncTick
 .text.HAL_GetTick
                0x00000000080012a0       0x18 ./Drivers/STM32F4xx_HAL_Driver/Src/stm32f4xx_hal.o
                0x00000000080012a0                HAL_GetTick
 .text.HAL_Delay
                0x00000000080012b8       0x48 ./Drivers/STM32F4xx_HAL_Driver/Src/stm32f4xx_hal.o
                0x00000000080012b8                HAL_Delay
 .text.HAL_ADC_Init
                0x0000000008001300       0x86 ./Drivers/STM32F4xx_HAL_Driver/Src/stm32f4xx_hal_adc.o
                0x0000000008001300                HAL_ADC_Init
 *fill*         0x0000000008001386        0x2 
 .text.HAL_ADC_Start
                0x0000000008001388      0x1a4 ./Drivers/STM32F4xx_HAL_Driver/Src/stm32f4xx_hal_adc.o
                0x0000000008001388                HAL_ADC_Start
 .text.HAL_ADC_PollForConversion
                0x000000000800152c      0x116 ./Drivers/STM32F4xx_HAL_Driver/Src/stm32f4xx_hal_adc.o
                0x000000000800152c                HAL_ADC_PollForConversion
 .text.HAL_ADC_GetValue
                0x0000000008001642       0x1a ./Drivers/STM32F4xx_HAL_Driver/Src/stm32f4xx_hal_adc.o
                0x0000000008001642                HAL_ADC_GetValue
 .text.HAL_ADC_ConfigChannel
                0x000000000800165c      0x244 ./Drivers/STM32F4xx_HAL_Driver/Src/stm32f4xx_hal_adc.o
                0x000000000800165c                HAL_ADC_ConfigChannel
 .text.ADC_Init
                0x00000000080018a0      0x1f8 ./Drivers/STM32F4xx_HAL_Driver/Src/stm32f4xx_hal_adc.o
 .text.__NVIC_SetPriorityGrouping
                0x0000000008001a98       0x48 ./Drivers/STM32F4xx_HAL_Driver/Src/stm32f4xx_hal_cortex.o
 .text.__NVIC_GetPriorityGrouping
                0x0000000008001ae0       0x1c ./Drivers/STM32F4xx_HAL_Driver/Src/stm32f4xx_hal_cortex.o
 .text.__NVIC_EnableIRQ
                0x0000000008001afc       0x3c ./Drivers/STM32F4xx_HAL_Driver/Src/stm32f4xx_hal_cortex.o
 .text.__NVIC_SetPriority
                0x0000000008001b38       0x54 ./Drivers/STM32F4xx_HAL_Driver/Src/stm32f4xx_hal_cortex.o
 .text.NVIC_EncodePriority
                0x0000000008001b8c       0x66 ./Drivers/STM32F4xx_HAL_Driver/Src/stm32f4xx_hal_cortex.o
 *fill*         0x0000000008001bf2        0x2 
 .text.SysTick_Config
                0x0000000008001bf4       0x44 ./Drivers/STM32F4xx_HAL_Driver/Src/stm32f4xx_hal_cortex.o
 .text.HAL_NVIC_SetPriorityGrouping
                0x0000000008001c38       0x16 ./Drivers/STM32F4xx_HAL_Driver/Src/stm32f4xx_hal_cortex.o
                0x0000000008001c38                HAL_NVIC_SetPriorityGrouping
 .text.HAL_NVIC_SetPriority
                0x0000000008001c4e       0x38 ./Drivers/STM32F4xx_HAL_Driver/Src/stm32f4xx_hal_cortex.o
                0x0000000008001c4e                HAL_NVIC_SetPriority
 .text.HAL_NVIC_EnableIRQ
                0x0000000008001c86       0x1c ./Drivers/STM32F4xx_HAL_Driver/Src/stm32f4xx_hal_cortex.o
                0x0000000008001c86                HAL_NVIC_EnableIRQ
 .text.HAL_SYSTICK_Config
                0x0000000008001ca2       0x18 ./Drivers/STM32F4xx_HAL_Driver/Src/stm32f4xx_hal_cortex.o
                0x0000000008001ca2                HAL_SYSTICK_Config
 .text.HAL_DMA_Abort
                0x0000000008001cba       0xe0 ./Drivers/STM32F4xx_HAL_Driver/Src/stm32f4xx_hal_dma.o
                0x0000000008001cba                HAL_DMA_Abort
 .text.HAL_DMA_Abort_IT
                0x0000000008001d9a       0x44 ./Drivers/STM32F4xx_HAL_Driver/Src/stm32f4xx_hal_dma.o
                0x0000000008001d9a                HAL_DMA_Abort_IT
 *fill*         0x0000000008001dde        0x2 
 .text.HAL_GPIO_Init
                0x0000000008001de0      0x338 ./Drivers/STM32F4xx_HAL_Driver/Src/stm32f4xx_hal_gpio.o
                0x0000000008001de0                HAL_GPIO_Init
 .text.HAL_GPIO_WritePin
                0x0000000008002118       0x32 ./Drivers/STM32F4xx_HAL_Driver/Src/stm32f4xx_hal_gpio.o
                0x0000000008002118                HAL_GPIO_WritePin
 .text.HAL_HCD_Init
                0x000000000800214a       0xc4 ./Drivers/STM32F4xx_HAL_Driver/Src/stm32f4xx_hal_hcd.o
                0x000000000800214a                HAL_HCD_Init
 .text.HAL_HCD_HC_Init
                0x000000000800220e      0x11e ./Drivers/STM32F4xx_HAL_Driver/Src/stm32f4xx_hal_hcd.o
                0x000000000800220e                HAL_HCD_HC_Init
 .text.HAL_HCD_HC_Halt
                0x000000000800232c       0x46 ./Drivers/STM32F4xx_HAL_Driver/Src/stm32f4xx_hal_hcd.o
                0x000000000800232c                HAL_HCD_HC_Halt
 *fill*         0x0000000008002372        0x2 
 .text.HAL_HCD_HC_SubmitRequest
                0x0000000008002374      0x2ac ./Drivers/STM32F4xx_HAL_Driver/Src/stm32f4xx_hal_hcd.o
                0x0000000008002374                HAL_HCD_HC_SubmitRequest
 .text.HAL_HCD_IRQHandler
                0x0000000008002620      0x216 ./Drivers/STM32F4xx_HAL_Driver/Src/stm32f4xx_hal_hcd.o
                0x0000000008002620                HAL_HCD_IRQHandler
 .text.HAL_HCD_Start
                0x0000000008002836       0x46 ./Drivers/STM32F4xx_HAL_Driver/Src/stm32f4xx_hal_hcd.o
                0x0000000008002836                HAL_HCD_Start
 .text.HAL_HCD_Stop
                0x000000000800287c       0x3a ./Drivers/STM32F4xx_HAL_Driver/Src/stm32f4xx_hal_hcd.o
                0x000000000800287c                HAL_HCD_Stop
 .text.HAL_HCD_ResetPort
                0x00000000080028b6       0x1c ./Drivers/STM32F4xx_HAL_Driver/Src/stm32f4xx_hal_hcd.o
                0x00000000080028b6                HAL_HCD_ResetPort
 .text.HAL_HCD_HC_GetURBState
                0x00000000080028d2       0x28 ./Drivers/STM32F4xx_HAL_Driver/Src/stm32f4xx_hal_hcd.o
                0x00000000080028d2                HAL_HCD_HC_GetURBState
 .text.HAL_HCD_HC_GetXferCount
                0x00000000080028fa       0x28 ./Drivers/STM32F4xx_HAL_Driver/Src/stm32f4xx_hal_hcd.o
                0x00000000080028fa                HAL_HCD_HC_GetXferCount
 .text.HAL_HCD_GetCurrentFrame
                0x0000000008002922       0x1c ./Drivers/STM32F4xx_HAL_Driver/Src/stm32f4xx_hal_hcd.o
                0x0000000008002922                HAL_HCD_GetCurrentFrame
 .text.HAL_HCD_GetCurrentSpeed
                0x000000000800293e       0x1c ./Drivers/STM32F4xx_HAL_Driver/Src/stm32f4xx_hal_hcd.o
                0x000000000800293e                HAL_HCD_GetCurrentSpeed
 .text.HCD_HC_IN_IRQHandler
                0x000000000800295a      0x6aa ./Drivers/STM32F4xx_HAL_Driver/Src/stm32f4xx_hal_hcd.o
 .text.HCD_HC_OUT_IRQHandler
                0x0000000008003004      0x6d2 ./Drivers/STM32F4xx_HAL_Driver/Src/stm32f4xx_hal_hcd.o
 .text.HCD_RXQLVL_IRQHandler
                0x00000000080036d6      0x1a4 ./Drivers/STM32F4xx_HAL_Driver/Src/stm32f4xx_hal_hcd.o
 .text.HCD_Port_IRQHandler
                0x000000000800387a       0xe6 ./Drivers/STM32F4xx_HAL_Driver/Src/stm32f4xx_hal_hcd.o
 .text.HAL_RCC_OscConfig
                0x0000000008003960      0x4f0 ./Drivers/STM32F4xx_HAL_Driver/Src/stm32f4xx_hal_rcc.o
                0x0000000008003960                HAL_RCC_OscConfig
 .text.HAL_RCC_ClockConfig
                0x0000000008003e50      0x1cc ./Drivers/STM32F4xx_HAL_Driver/Src/stm32f4xx_hal_rcc.o
                0x0000000008003e50                HAL_RCC_ClockConfig
 .text.HAL_RCC_GetSysClockFreq
                0x000000000800401c      0x20c ./Drivers/STM32F4xx_HAL_Driver/Src/stm32f4xx_hal_rcc.o
                0x000000000800401c                HAL_RCC_GetSysClockFreq
 .text.HAL_RCC_GetHCLKFreq
                0x0000000008004228       0x18 ./Drivers/STM32F4xx_HAL_Driver/Src/stm32f4xx_hal_rcc.o
                0x0000000008004228                HAL_RCC_GetHCLKFreq
 .text.HAL_RCC_GetPCLK1Freq
                0x0000000008004240       0x28 ./Drivers/STM32F4xx_HAL_Driver/Src/stm32f4xx_hal_rcc.o
                0x0000000008004240                HAL_RCC_GetPCLK1Freq
 .text.HAL_RCC_GetPCLK2Freq
                0x0000000008004268       0x28 ./Drivers/STM32F4xx_HAL_Driver/Src/stm32f4xx_hal_rcc.o
                0x0000000008004268                HAL_RCC_GetPCLK2Freq
 .text.HAL_TIM_Base_Init
                0x0000000008004290       0x9e ./Drivers/STM32F4xx_HAL_Driver/Src/stm32f4xx_hal_tim.o
                0x0000000008004290                HAL_TIM_Base_Init
 .text.HAL_TIM_PWM_Init
                0x000000000800432e       0x9e ./Drivers/STM32F4xx_HAL_Driver/Src/stm32f4xx_hal_tim.o
                0x000000000800432e                HAL_TIM_PWM_Init
 .text.HAL_TIM_PWM_MspInit
                0x00000000080043cc       0x14 ./Drivers/STM32F4xx_HAL_Driver/Src/stm32f4xx_hal_tim.o
                0x00000000080043cc                HAL_TIM_PWM_MspInit
 .text.HAL_TIM_PWM_Start
                0x00000000080043e0      0x190 ./Drivers/STM32F4xx_HAL_Driver/Src/stm32f4xx_hal_tim.o
                0x00000000080043e0                HAL_TIM_PWM_Start
 .text.HAL_TIM_PWM_ConfigChannel
                0x0000000008004570      0x184 ./Drivers/STM32F4xx_HAL_Driver/Src/stm32f4xx_hal_tim.o
                0x0000000008004570                HAL_TIM_PWM_ConfigChannel
 .text.HAL_TIM_ConfigClockSource
                0x00000000080046f4      0x18e ./Drivers/STM32F4xx_HAL_Driver/Src/stm32f4xx_hal_tim.o
                0x00000000080046f4                HAL_TIM_ConfigClockSource
 *fill*         0x0000000008004882        0x2 
 .text.TIM_Base_SetConfig
                0x0000000008004884      0x140 ./Drivers/STM32F4xx_HAL_Driver/Src/stm32f4xx_hal_tim.o
                0x0000000008004884                TIM_Base_SetConfig
 .text.TIM_OC1_SetConfig
                0x00000000080049c4       0xe0 ./Drivers/STM32F4xx_HAL_Driver/Src/stm32f4xx_hal_tim.o
 .text.TIM_OC2_SetConfig
                0x0000000008004aa4       0xec ./Drivers/STM32F4xx_HAL_Driver/Src/stm32f4xx_hal_tim.o
                0x0000000008004aa4                TIM_OC2_SetConfig
 .text.TIM_OC3_SetConfig
                0x0000000008004b90       0xe8 ./Drivers/STM32F4xx_HAL_Driver/Src/stm32f4xx_hal_tim.o
 .text.TIM_OC4_SetConfig
                0x0000000008004c78       0xac ./Drivers/STM32F4xx_HAL_Driver/Src/stm32f4xx_hal_tim.o
 .text.TIM_TI1_ConfigInputStage
                0x0000000008004d24       0x5e ./Drivers/STM32F4xx_HAL_Driver/Src/stm32f4xx_hal_tim.o
 .text.TIM_TI2_ConfigInputStage
                0x0000000008004d82       0x60 ./Drivers/STM32F4xx_HAL_Driver/Src/stm32f4xx_hal_tim.o
 .text.TIM_ITRx_SetConfig
                0x0000000008004de2       0x36 ./Drivers/STM32F4xx_HAL_Driver/Src/stm32f4xx_hal_tim.o
 .text.TIM_ETR_SetConfig
                0x0000000008004e18       0x40 ./Drivers/STM32F4xx_HAL_Driver/Src/stm32f4xx_hal_tim.o
                0x0000000008004e18                TIM_ETR_SetConfig
 .text.TIM_CCxChannelCmd
                0x0000000008004e58       0x4a ./Drivers/STM32F4xx_HAL_Driver/Src/stm32f4xx_hal_tim.o
                0x0000000008004e58                TIM_CCxChannelCmd
 *fill*         0x0000000008004ea2        0x2 
 .text.HAL_TIMEx_MasterConfigSynchronization
                0x0000000008004ea4       0xf8 ./Drivers/STM32F4xx_HAL_Driver/Src/stm32f4xx_hal_tim_ex.o
                0x0000000008004ea4                HAL_TIMEx_MasterConfigSynchronization
 .text.HAL_UART_Init
                0x0000000008004f9c       0x9a ./Drivers/STM32F4xx_HAL_Driver/Src/stm32f4xx_hal_uart.o
                0x0000000008004f9c                HAL_UART_Init
 .text.HAL_UART_Receive
                0x0000000008005036      0x144 ./Drivers/STM32F4xx_HAL_Driver/Src/stm32f4xx_hal_uart.o
                0x0000000008005036                HAL_UART_Receive
 *fill*         0x000000000800517a        0x2 
 .text.HAL_UART_IRQHandler
                0x000000000800517c      0x51c ./Drivers/STM32F4xx_HAL_Driver/Src/stm32f4xx_hal_uart.o
                0x000000000800517c                HAL_UART_IRQHandler
 .text.HAL_UART_TxCpltCallback
                0x0000000008005698       0x14 ./Drivers/STM32F4xx_HAL_Driver/Src/stm32f4xx_hal_uart.o
                0x0000000008005698                HAL_UART_TxCpltCallback
 .text.HAL_UART_RxCpltCallback
                0x00000000080056ac       0x14 ./Drivers/STM32F4xx_HAL_Driver/Src/stm32f4xx_hal_uart.o
                0x00000000080056ac                HAL_UART_RxCpltCallback
 .text.HAL_UART_ErrorCallback
                0x00000000080056c0       0x14 ./Drivers/STM32F4xx_HAL_Driver/Src/stm32f4xx_hal_uart.o
                0x00000000080056c0                HAL_UART_ErrorCallback
 .text.HAL_UARTEx_RxEventCallback
                0x00000000080056d4       0x18 ./Drivers/STM32F4xx_HAL_Driver/Src/stm32f4xx_hal_uart.o
                0x00000000080056d4                HAL_UARTEx_RxEventCallback
 .text.UART_WaitOnFlagUntilTimeout
                0x00000000080056ec       0xdc ./Drivers/STM32F4xx_HAL_Driver/Src/stm32f4xx_hal_uart.o
 .text.UART_EndRxTransfer
                0x00000000080057c8       0xc6 ./Drivers/STM32F4xx_HAL_Driver/Src/stm32f4xx_hal_uart.o
 .text.UART_DMAAbortOnError
                0x000000000800588e       0x28 ./Drivers/STM32F4xx_HAL_Driver/Src/stm32f4xx_hal_uart.o
 .text.UART_Transmit_IT
                0x00000000080058b6       0xa0 ./Drivers/STM32F4xx_HAL_Driver/Src/stm32f4xx_hal_uart.o
 .text.UART_EndTransmit_IT
                0x0000000008005956       0x30 ./Drivers/STM32F4xx_HAL_Driver/Src/stm32f4xx_hal_uart.o
 .text.UART_Receive_IT
                0x0000000008005986      0x176 ./Drivers/STM32F4xx_HAL_Driver/Src/stm32f4xx_hal_uart.o
 .text.UART_SetConfig
                0x0000000008005afc      0x4e8 ./Drivers/STM32F4xx_HAL_Driver/Src/stm32f4xx_hal_uart.o
 .text.USB_CoreInit
                0x0000000008005fe4       0xc2 ./Drivers/STM32F4xx_HAL_Driver/Src/stm32f4xx_ll_usb.o
                0x0000000008005fe4                USB_CoreInit
 .text.USB_EnableGlobalInt
                0x00000000080060a6       0x22 ./Drivers/STM32F4xx_HAL_Driver/Src/stm32f4xx_ll_usb.o
                0x00000000080060a6                USB_EnableGlobalInt
 .text.USB_DisableGlobalInt
                0x00000000080060c8       0x22 ./Drivers/STM32F4xx_HAL_Driver/Src/stm32f4xx_ll_usb.o
                0x00000000080060c8                USB_DisableGlobalInt
 .text.USB_SetCurrentMode
                0x00000000080060ea       0x98 ./Drivers/STM32F4xx_HAL_Driver/Src/stm32f4xx_ll_usb.o
                0x00000000080060ea                USB_SetCurrentMode
 *fill*         0x0000000008006182        0x2 
 .text.USB_FlushTxFifo
                0x0000000008006184       0x68 ./Drivers/STM32F4xx_HAL_Driver/Src/stm32f4xx_ll_usb.o
                0x0000000008006184                USB_FlushTxFifo
 .text.USB_FlushRxFifo
                0x00000000080061ec       0x60 ./Drivers/STM32F4xx_HAL_Driver/Src/stm32f4xx_ll_usb.o
                0x00000000080061ec                USB_FlushRxFifo
 .text.USB_WritePacket
                0x000000000800624c       0x7c ./Drivers/STM32F4xx_HAL_Driver/Src/stm32f4xx_ll_usb.o
                0x000000000800624c                USB_WritePacket
 .text.USB_ReadPacket
                0x00000000080062c8       0xb0 ./Drivers/STM32F4xx_HAL_Driver/Src/stm32f4xx_ll_usb.o
                0x00000000080062c8                USB_ReadPacket
 .text.USB_ReadInterrupts
                0x0000000008006378       0x26 ./Drivers/STM32F4xx_HAL_Driver/Src/stm32f4xx_ll_usb.o
                0x0000000008006378                USB_ReadInterrupts
 .text.USB_GetMode
                0x000000000800639e       0x1c ./Drivers/STM32F4xx_HAL_Driver/Src/stm32f4xx_ll_usb.o
                0x000000000800639e                USB_GetMode
 *fill*         0x00000000080063ba        0x2 
 .text.USB_CoreReset
                0x00000000080063bc       0x68 ./Drivers/STM32F4xx_HAL_Driver/Src/stm32f4xx_ll_usb.o
 .text.USB_HostInit
                0x0000000008006424      0x180 ./Drivers/STM32F4xx_HAL_Driver/Src/stm32f4xx_ll_usb.o
                0x0000000008006424                USB_HostInit
 .text.USB_InitFSLSPClkSel
                0x00000000080065a4       0x74 ./Drivers/STM32F4xx_HAL_Driver/Src/stm32f4xx_ll_usb.o
                0x00000000080065a4                USB_InitFSLSPClkSel
 .text.USB_ResetPort
                0x0000000008006618       0x54 ./Drivers/STM32F4xx_HAL_Driver/Src/stm32f4xx_ll_usb.o
                0x0000000008006618                USB_ResetPort
 .text.USB_DriveVbus
                0x000000000800666c       0x72 ./Drivers/STM32F4xx_HAL_Driver/Src/stm32f4xx_ll_usb.o
                0x000000000800666c                USB_DriveVbus
 .text.USB_GetHostSpeed
                0x00000000080066de       0x2e ./Drivers/STM32F4xx_HAL_Driver/Src/stm32f4xx_ll_usb.o
                0x00000000080066de                USB_GetHostSpeed
 .text.USB_GetCurrentFrame
                0x000000000800670c       0x22 ./Drivers/STM32F4xx_HAL_Driver/Src/stm32f4xx_ll_usb.o
                0x000000000800670c                USB_GetCurrentFrame
 *fill*         0x000000000800672e        0x2 
 .text.USB_HC_Init
                0x0000000008006730      0x244 ./Drivers/STM32F4xx_HAL_Driver/Src/stm32f4xx_ll_usb.o
                0x0000000008006730                USB_HC_Init
 .text.USB_HC_StartXfer
                0x0000000008006974      0x284 ./Drivers/STM32F4xx_HAL_Driver/Src/stm32f4xx_ll_usb.o
                0x0000000008006974                USB_HC_StartXfer
 .text.USB_HC_ReadInterrupt
                0x0000000008006bf8       0x22 ./Drivers/STM32F4xx_HAL_Driver/Src/stm32f4xx_ll_usb.o
                0x0000000008006bf8                USB_HC_ReadInterrupt
 .text.USB_HC_Halt
                0x0000000008006c1a      0x1f8 ./Drivers/STM32F4xx_HAL_Driver/Src/stm32f4xx_ll_usb.o
                0x0000000008006c1a                USB_HC_Halt
 *fill*         0x0000000008006e12        0x2 
 .text.USB_DoPing
                0x0000000008006e14       0x78 ./Drivers/STM32F4xx_HAL_Driver/Src/stm32f4xx_ll_usb.o
                0x0000000008006e14                USB_DoPing
 .text.USB_StopHost
                0x0000000008006e8c      0x124 ./Drivers/STM32F4xx_HAL_Driver/Src/stm32f4xx_ll_usb.o
                0x0000000008006e8c                USB_StopHost
 .text.USBH_CDC_InterfaceInit
                0x0000000008006fb0      0x2ac ./Middlewares/ST/STM32_USB_Host_Library/Class/CDC/Src/usbh_cdc.o
 .text.USBH_CDC_InterfaceDeInit
                0x000000000800725c       0xb2 ./Middlewares/ST/STM32_USB_Host_Library/Class/CDC/Src/usbh_cdc.o
 .text.USBH_CDC_ClassRequest
                0x000000000800730e       0x3e ./Middlewares/ST/STM32_USB_Host_Library/Class/CDC/Src/usbh_cdc.o
 .text.USBH_CDC_Process
                0x000000000800734c      0x12c ./Middlewares/ST/STM32_USB_Host_Library/Class/CDC/Src/usbh_cdc.o
 .text.USBH_CDC_SOFProcess
                0x0000000008007478       0x16 ./Middlewares/ST/STM32_USB_Host_Library/Class/CDC/Src/usbh_cdc.o
 .text.GetLineCoding
                0x000000000800748e       0x3e ./Middlewares/ST/STM32_USB_Host_Library/Class/CDC/Src/usbh_cdc.o
 .text.SetLineCoding
                0x00000000080074cc       0x3e ./Middlewares/ST/STM32_USB_Host_Library/Class/CDC/Src/usbh_cdc.o
 .text.CDC_ProcessTransmission
                0x000000000800750a      0x124 ./Middlewares/ST/STM32_USB_Host_Library/Class/CDC/Src/usbh_cdc.o
 .text.CDC_ProcessReception
                0x000000000800762e       0xd2 ./Middlewares/ST/STM32_USB_Host_Library/Class/CDC/Src/usbh_cdc.o
 .text.USBH_CDC_TransmitCallback
                0x0000000008007700       0x14 ./Middlewares/ST/STM32_USB_Host_Library/Class/CDC/Src/usbh_cdc.o
                0x0000000008007700                USBH_CDC_TransmitCallback
 .text.USBH_CDC_ReceiveCallback
                0x0000000008007714       0x14 ./Middlewares/ST/STM32_USB_Host_Library/Class/CDC/Src/usbh_cdc.o
                0x0000000008007714                USBH_CDC_ReceiveCallback
 .text.USBH_CDC_LineCodingChanged
                0x0000000008007728       0x14 ./Middlewares/ST/STM32_USB_Host_Library/Class/CDC/Src/usbh_cdc.o
                0x0000000008007728                USBH_CDC_LineCodingChanged
 .text.USBH_Init
                0x000000000800773c       0xb8 ./Middlewares/ST/STM32_USB_Host_Library/Core/Src/usbh_core.o
                0x000000000800773c                USBH_Init
 .text.DeInitStateMachine
                0x00000000080077f4       0xa8 ./Middlewares/ST/STM32_USB_Host_Library/Core/Src/usbh_core.o
 .text.USBH_RegisterClass
                0x000000000800789c       0x54 ./Middlewares/ST/STM32_USB_Host_Library/Core/Src/usbh_core.o
                0x000000000800789c                USBH_RegisterClass
 .text.USBH_SelectInterface
                0x00000000080078f0       0x38 ./Middlewares/ST/STM32_USB_Host_Library/Core/Src/usbh_core.o
                0x00000000080078f0                USBH_SelectInterface
 .text.USBH_FindInterface
                0x0000000008007928       0x8c ./Middlewares/ST/STM32_USB_Host_Library/Core/Src/usbh_core.o
                0x0000000008007928                USBH_FindInterface
 .text.USBH_Start
                0x00000000080079b4       0x20 ./Middlewares/ST/STM32_USB_Host_Library/Core/Src/usbh_core.o
                0x00000000080079b4                USBH_Start
 .text.USBH_Process
                0x00000000080079d4      0x4d8 ./Middlewares/ST/STM32_USB_Host_Library/Core/Src/usbh_core.o
                0x00000000080079d4                USBH_Process
 .text.USBH_HandleEnum
                0x0000000008007eac      0x458 ./Middlewares/ST/STM32_USB_Host_Library/Core/Src/usbh_core.o
 .text.USBH_LL_SetTimer
                0x0000000008008304       0x1e ./Middlewares/ST/STM32_USB_Host_Library/Core/Src/usbh_core.o
                0x0000000008008304                USBH_LL_SetTimer
 .text.USBH_LL_IncTimer
                0x0000000008008322       0x24 ./Middlewares/ST/STM32_USB_Host_Library/Core/Src/usbh_core.o
                0x0000000008008322                USBH_LL_IncTimer
 .text.USBH_HandleSof
                0x0000000008008346       0x30 ./Middlewares/ST/STM32_USB_Host_Library/Core/Src/usbh_core.o
 .text.USBH_LL_PortEnabled
                0x0000000008008376       0x34 ./Middlewares/ST/STM32_USB_Host_Library/Core/Src/usbh_core.o
                0x0000000008008376                USBH_LL_PortEnabled
 .text.USBH_LL_PortDisabled
                0x00000000080083aa       0x1c ./Middlewares/ST/STM32_USB_Host_Library/Core/Src/usbh_core.o
                0x00000000080083aa                USBH_LL_PortDisabled
 .text.USBH_LL_Connect
                0x00000000080083c6       0x46 ./Middlewares/ST/STM32_USB_Host_Library/Core/Src/usbh_core.o
                0x00000000080083c6                USBH_LL_Connect
 .text.USBH_LL_Disconnect
                0x000000000800840c       0x64 ./Middlewares/ST/STM32_USB_Host_Library/Core/Src/usbh_core.o
                0x000000000800840c                USBH_LL_Disconnect
 .text.USBH_Process_OS
                0x0000000008008470       0x2e ./Middlewares/ST/STM32_USB_Host_Library/Core/Src/usbh_core.o
 .text.USBH_LL_NotifyURBChange
                0x000000000800849e       0x2e ./Middlewares/ST/STM32_USB_Host_Library/Core/Src/usbh_core.o
                0x000000000800849e                USBH_LL_NotifyURBChange
 .text.USBH_Get_DevDesc
                0x00000000080084cc       0x50 ./Middlewares/ST/STM32_USB_Host_Library/Core/Src/usbh_ctlreq.o
                0x00000000080084cc                USBH_Get_DevDesc
 .text.USBH_Get_CfgDesc
                0x000000000800851c       0x48 ./Middlewares/ST/STM32_USB_Host_Library/Core/Src/usbh_ctlreq.o
                0x000000000800851c                USBH_Get_CfgDesc
 .text.USBH_Get_StringDesc
                0x0000000008008564       0x56 ./Middlewares/ST/STM32_USB_Host_Library/Core/Src/usbh_ctlreq.o
                0x0000000008008564                USBH_Get_StringDesc
 .text.USBH_GetDescriptor
                0x00000000080085ba       0x6a ./Middlewares/ST/STM32_USB_Host_Library/Core/Src/usbh_ctlreq.o
                0x00000000080085ba                USBH_GetDescriptor
 .text.USBH_SetAddress
                0x0000000008008624       0x48 ./Middlewares/ST/STM32_USB_Host_Library/Core/Src/usbh_ctlreq.o
                0x0000000008008624                USBH_SetAddress
 .text.USBH_SetCfg
                0x000000000800866c       0x46 ./Middlewares/ST/STM32_USB_Host_Library/Core/Src/usbh_ctlreq.o
                0x000000000800866c                USBH_SetCfg
 .text.USBH_SetFeature
                0x00000000080086b2       0x48 ./Middlewares/ST/STM32_USB_Host_Library/Core/Src/usbh_ctlreq.o
                0x00000000080086b2                USBH_SetFeature
 .text.USBH_ClrFeature
                0x00000000080086fa       0x48 ./Middlewares/ST/STM32_USB_Host_Library/Core/Src/usbh_ctlreq.o
                0x00000000080086fa                USBH_ClrFeature
 .text.USBH_ParseDevDesc
                0x0000000008008742      0x122 ./Middlewares/ST/STM32_USB_Host_Library/Core/Src/usbh_ctlreq.o
 .text.USBH_ParseCfgDesc
                0x0000000008008864      0x1ec ./Middlewares/ST/STM32_USB_Host_Library/Core/Src/usbh_ctlreq.o
 .text.USBH_ParseInterfaceDesc
                0x0000000008008a50       0x5e ./Middlewares/ST/STM32_USB_Host_Library/Core/Src/usbh_ctlreq.o
 .text.USBH_ParseEPDesc
                0x0000000008008aae      0x14a ./Middlewares/ST/STM32_USB_Host_Library/Core/Src/usbh_ctlreq.o
 .text.USBH_ParseStringDesc
                0x0000000008008bf8       0x66 ./Middlewares/ST/STM32_USB_Host_Library/Core/Src/usbh_ctlreq.o
 .text.USBH_GetNextDesc
                0x0000000008008c5e       0x36 ./Middlewares/ST/STM32_USB_Host_Library/Core/Src/usbh_ctlreq.o
                0x0000000008008c5e                USBH_GetNextDesc
 .text.USBH_CtlReq
                0x0000000008008c94       0xb2 ./Middlewares/ST/STM32_USB_Host_Library/Core/Src/usbh_ctlreq.o
                0x0000000008008c94                USBH_CtlReq
 *fill*         0x0000000008008d46        0x2 
 .text.USBH_HandleControl
                0x0000000008008d48      0x490 ./Middlewares/ST/STM32_USB_Host_Library/Core/Src/usbh_ctlreq.o
 .text.USBH_CtlSendSetup
                0x00000000080091d8       0x34 ./Middlewares/ST/STM32_USB_Host_Library/Core/Src/usbh_ioreq.o
                0x00000000080091d8                USBH_CtlSendSetup
 .text.USBH_CtlSendData
                0x000000000800920c       0x4a ./Middlewares/ST/STM32_USB_Host_Library/Core/Src/usbh_ioreq.o
                0x000000000800920c                USBH_CtlSendData
 .text.USBH_CtlReceiveData
                0x0000000008009256       0x3c ./Middlewares/ST/STM32_USB_Host_Library/Core/Src/usbh_ioreq.o
                0x0000000008009256                USBH_CtlReceiveData
 .text.USBH_BulkSendData
                0x0000000008009292       0x4a ./Middlewares/ST/STM32_USB_Host_Library/Core/Src/usbh_ioreq.o
                0x0000000008009292                USBH_BulkSendData
 .text.USBH_BulkReceiveData
                0x00000000080092dc       0x3c ./Middlewares/ST/STM32_USB_Host_Library/Core/Src/usbh_ioreq.o
                0x00000000080092dc                USBH_BulkReceiveData
 .text.USBH_OpenPipe
                0x0000000008009318       0x3e ./Middlewares/ST/STM32_USB_Host_Library/Core/Src/usbh_pipes.o
                0x0000000008009318                USBH_OpenPipe
 .text.USBH_ClosePipe
                0x0000000008009356       0x20 ./Middlewares/ST/STM32_USB_Host_Library/Core/Src/usbh_pipes.o
                0x0000000008009356                USBH_ClosePipe
 .text.USBH_AllocPipe
                0x0000000008009376       0x42 ./Middlewares/ST/STM32_USB_Host_Library/Core/Src/usbh_pipes.o
                0x0000000008009376                USBH_AllocPipe
 .text.USBH_FreePipe
                0x00000000080093b8       0x3c ./Middlewares/ST/STM32_USB_Host_Library/Core/Src/usbh_pipes.o
                0x00000000080093b8                USBH_FreePipe
 .text.USBH_GetFreePipe
                0x00000000080093f4       0x48 ./Middlewares/ST/STM32_USB_Host_Library/Core/Src/usbh_pipes.o
 .text.__NVIC_SetPriority
                0x000000000800943c       0x54 ./Middlewares/Third_Party/FreeRTOS/Source/CMSIS_RTOS_V2/cmsis_os2.o
 .text.SVC_Setup
                0x0000000008009490       0x12 ./Middlewares/Third_Party/FreeRTOS/Source/CMSIS_RTOS_V2/cmsis_os2.o
 *fill*         0x00000000080094a2        0x2 
 .text.osKernelInitialize
                0x00000000080094a4       0x48 ./Middlewares/Third_Party/FreeRTOS/Source/CMSIS_RTOS_V2/cmsis_os2.o
                0x00000000080094a4                osKernelInitialize
 .text.osKernelStart
                0x00000000080094ec       0x4c ./Middlewares/Third_Party/FreeRTOS/Source/CMSIS_RTOS_V2/cmsis_os2.o
                0x00000000080094ec                osKernelStart
 .text.osThreadNew
                0x0000000008009538      0x124 ./Middlewares/Third_Party/FreeRTOS/Source/CMSIS_RTOS_V2/cmsis_os2.o
                0x0000000008009538                osThreadNew
 .text.osDelay  0x000000000800965c       0x36 ./Middlewares/Third_Party/FreeRTOS/Source/CMSIS_RTOS_V2/cmsis_os2.o
                0x000000000800965c                osDelay
 .text.osMessageQueueNew
                0x0000000008009692       0xe6 ./Middlewares/Third_Party/FreeRTOS/Source/CMSIS_RTOS_V2/cmsis_os2.o
                0x0000000008009692                osMessageQueueNew
 .text.osMessageQueuePut
                0x0000000008009778       0xc0 ./Middlewares/Third_Party/FreeRTOS/Source/CMSIS_RTOS_V2/cmsis_os2.o
                0x0000000008009778                osMessageQueuePut
 .text.osMessageQueueGet
                0x0000000008009838       0xbc ./Middlewares/Third_Party/FreeRTOS/Source/CMSIS_RTOS_V2/cmsis_os2.o
                0x0000000008009838                osMessageQueueGet
 .text.vApplicationGetIdleTaskMemory
                0x00000000080098f4       0x34 ./Middlewares/Third_Party/FreeRTOS/Source/CMSIS_RTOS_V2/cmsis_os2.o
                0x00000000080098f4                vApplicationGetIdleTaskMemory
 .text.vApplicationGetTimerTaskMemory
                0x0000000008009928       0x34 ./Middlewares/Third_Party/FreeRTOS/Source/CMSIS_RTOS_V2/cmsis_os2.o
                0x0000000008009928                vApplicationGetTimerTaskMemory
 .text.vListInitialise
                0x000000000800995c       0x40 ./Middlewares/Third_Party/FreeRTOS/Source/list.o
                0x000000000800995c                vListInitialise
 .text.vListInitialiseItem
                0x000000000800999c       0x1a ./Middlewares/Third_Party/FreeRTOS/Source/list.o
                0x000000000800999c                vListInitialiseItem
 .text.vListInsertEnd
                0x00000000080099b6       0x48 ./Middlewares/Third_Party/FreeRTOS/Source/list.o
                0x00000000080099b6                vListInsertEnd
 .text.vListInsert
                0x00000000080099fe       0x72 ./Middlewares/Third_Party/FreeRTOS/Source/list.o
                0x00000000080099fe                vListInsert
 .text.uxListRemove
                0x0000000008009a70       0x54 ./Middlewares/Third_Party/FreeRTOS/Source/list.o
                0x0000000008009a70                uxListRemove
 .text.xQueueGenericReset
                0x0000000008009ac4       0xd0 ./Middlewares/Third_Party/FreeRTOS/Source/queue.o
                0x0000000008009ac4                xQueueGenericReset
 .text.xQueueGenericCreateStatic
                0x0000000008009b94       0xf0 ./Middlewares/Third_Party/FreeRTOS/Source/queue.o
                0x0000000008009b94                xQueueGenericCreateStatic
 .text.xQueueGenericCreate
                0x0000000008009c84       0x74 ./Middlewares/Third_Party/FreeRTOS/Source/queue.o
                0x0000000008009c84                xQueueGenericCreate
 .text.prvInitialiseNewQueue
                0x0000000008009cf8       0x46 ./Middlewares/Third_Party/FreeRTOS/Source/queue.o
 *fill*         0x0000000008009d3e        0x2 
 .text.xQueueGenericSend
                0x0000000008009d40      0x1fc ./Middlewares/Third_Party/FreeRTOS/Source/queue.o
                0x0000000008009d40                xQueueGenericSend
 .text.xQueueGenericSendFromISR
                0x0000000008009f3c      0x136 ./Middlewares/Third_Party/FreeRTOS/Source/queue.o
                0x0000000008009f3c                xQueueGenericSendFromISR
 *fill*         0x000000000800a072        0x2 
 .text.xQueueReceive
                0x000000000800a074      0x1c0 ./Middlewares/Third_Party/FreeRTOS/Source/queue.o
                0x000000000800a074                xQueueReceive
 .text.xQueueReceiveFromISR
                0x000000000800a234      0x100 ./Middlewares/Third_Party/FreeRTOS/Source/queue.o
                0x000000000800a234                xQueueReceiveFromISR
 .text.prvCopyDataToQueue
                0x000000000800a334       0xd4 ./Middlewares/Third_Party/FreeRTOS/Source/queue.o
 .text.prvCopyDataFromQueue
                0x000000000800a408       0x4c ./Middlewares/Third_Party/FreeRTOS/Source/queue.o
 .text.prvUnlockQueue
                0x000000000800a454       0xa4 ./Middlewares/Third_Party/FreeRTOS/Source/queue.o
 .text.prvIsQueueEmpty
                0x000000000800a4f8       0x2c ./Middlewares/Third_Party/FreeRTOS/Source/queue.o
 .text.prvIsQueueFull
                0x000000000800a524       0x30 ./Middlewares/Third_Party/FreeRTOS/Source/queue.o
 .text.vQueueAddToRegistry
                0x000000000800a554       0x54 ./Middlewares/Third_Party/FreeRTOS/Source/queue.o
                0x000000000800a554                vQueueAddToRegistry
 .text.vQueueWaitForMessageRestricted
                0x000000000800a5a8       0x68 ./Middlewares/Third_Party/FreeRTOS/Source/queue.o
                0x000000000800a5a8                vQueueWaitForMessageRestricted
 .text.xTaskCreateStatic
                0x000000000800a610       0xba ./Middlewares/Third_Party/FreeRTOS/Source/tasks.o
                0x000000000800a610                xTaskCreateStatic
 .text.xTaskCreate
                0x000000000800a6ca       0x8a ./Middlewares/Third_Party/FreeRTOS/Source/tasks.o
                0x000000000800a6ca                xTaskCreate
 .text.prvInitialiseNewTask
                0x000000000800a754      0x11e ./Middlewares/Third_Party/FreeRTOS/Source/tasks.o
 *fill*         0x000000000800a872        0x2 
 .text.prvAddNewTaskToReadyList
                0x000000000800a874       0xe0 ./Middlewares/Third_Party/FreeRTOS/Source/tasks.o
 .text.vTaskDelay
                0x000000000800a954       0x68 ./Middlewares/Third_Party/FreeRTOS/Source/tasks.o
                0x000000000800a954                vTaskDelay
 .text.vTaskStartScheduler
                0x000000000800a9bc       0xcc ./Middlewares/Third_Party/FreeRTOS/Source/tasks.o
                0x000000000800a9bc                vTaskStartScheduler
 .text.vTaskSuspendAll
                0x000000000800aa88       0x1c ./Middlewares/Third_Party/FreeRTOS/Source/tasks.o
                0x000000000800aa88                vTaskSuspendAll
 .text.xTaskResumeAll
                0x000000000800aaa4      0x13c ./Middlewares/Third_Party/FreeRTOS/Source/tasks.o
                0x000000000800aaa4                xTaskResumeAll
 .text.xTaskGetTickCount
                0x000000000800abe0       0x20 ./Middlewares/Third_Party/FreeRTOS/Source/tasks.o
                0x000000000800abe0                xTaskGetTickCount
 .text.xTaskIncrementTick
                0x000000000800ac00      0x174 ./Middlewares/Third_Party/FreeRTOS/Source/tasks.o
                0x000000000800ac00                xTaskIncrementTick
 .text.vTaskSwitchContext
                0x000000000800ad74       0xbc ./Middlewares/Third_Party/FreeRTOS/Source/tasks.o
                0x000000000800ad74                vTaskSwitchContext
 .text.vTaskPlaceOnEventList
                0x000000000800ae30       0x48 ./Middlewares/Third_Party/FreeRTOS/Source/tasks.o
                0x000000000800ae30                vTaskPlaceOnEventList
 .text.vTaskPlaceOnEventListRestricted
                0x000000000800ae78       0x58 ./Middlewares/Third_Party/FreeRTOS/Source/tasks.o
                0x000000000800ae78                vTaskPlaceOnEventListRestricted
 .text.xTaskRemoveFromEventList
                0x000000000800aed0       0xc8 ./Middlewares/Third_Party/FreeRTOS/Source/tasks.o
                0x000000000800aed0                xTaskRemoveFromEventList
 .text.vTaskInternalSetTimeOutState
                0x000000000800af98       0x2c ./Middlewares/Third_Party/FreeRTOS/Source/tasks.o
                0x000000000800af98                vTaskInternalSetTimeOutState
 .text.xTaskCheckForTimeOut
                0x000000000800afc4       0xc4 ./Middlewares/Third_Party/FreeRTOS/Source/tasks.o
                0x000000000800afc4                xTaskCheckForTimeOut
 .text.vTaskMissedYield
                0x000000000800b088       0x18 ./Middlewares/Third_Party/FreeRTOS/Source/tasks.o
                0x000000000800b088                vTaskMissedYield
 .text.prvIdleTask
                0x000000000800b0a0       0x30 ./Middlewares/Third_Party/FreeRTOS/Source/tasks.o
 .text.prvInitialiseTaskLists
                0x000000000800b0d0       0x80 ./Middlewares/Third_Party/FreeRTOS/Source/tasks.o
 .text.prvCheckTasksWaitingTermination
                0x000000000800b150       0x5c ./Middlewares/Third_Party/FreeRTOS/Source/tasks.o
 .text.prvDeleteTCB
                0x000000000800b1ac       0x5e ./Middlewares/Third_Party/FreeRTOS/Source/tasks.o
 *fill*         0x000000000800b20a        0x2 
 .text.prvResetNextTaskUnblockTime
                0x000000000800b20c       0x40 ./Middlewares/Third_Party/FreeRTOS/Source/tasks.o
 .text.xTaskGetSchedulerState
                0x000000000800b24c       0x3c ./Middlewares/Third_Party/FreeRTOS/Source/tasks.o
                0x000000000800b24c                xTaskGetSchedulerState
 .text.xTaskPriorityDisinherit
                0x000000000800b288       0xdc ./Middlewares/Third_Party/FreeRTOS/Source/tasks.o
                0x000000000800b288                xTaskPriorityDisinherit
 .text.prvAddCurrentTaskToDelayedList
                0x000000000800b364       0xa8 ./Middlewares/Third_Party/FreeRTOS/Source/tasks.o
 .text.xTimerCreateTimerTask
                0x000000000800b40c       0x90 ./Middlewares/Third_Party/FreeRTOS/Source/timers.o
                0x000000000800b40c                xTimerCreateTimerTask
 .text.xTimerGenericCommand
                0x000000000800b49c       0x9c ./Middlewares/Third_Party/FreeRTOS/Source/timers.o
                0x000000000800b49c                xTimerGenericCommand
 .text.prvProcessExpiredTimer
                0x000000000800b538       0x98 ./Middlewares/Third_Party/FreeRTOS/Source/timers.o
 .text.prvTimerTask
                0x000000000800b5d0       0x24 ./Middlewares/Third_Party/FreeRTOS/Source/timers.o
 .text.prvProcessTimerOrBlockTask
                0x000000000800b5f4       0x9c ./Middlewares/Third_Party/FreeRTOS/Source/timers.o
 .text.prvGetNextExpireTime
                0x000000000800b690       0x48 ./Middlewares/Third_Party/FreeRTOS/Source/timers.o
 .text.prvSampleTimeNow
                0x000000000800b6d8       0x40 ./Middlewares/Third_Party/FreeRTOS/Source/timers.o
 .text.prvInsertTimerInActiveList
                0x000000000800b718       0x84 ./Middlewares/Third_Party/FreeRTOS/Source/timers.o
 .text.prvProcessReceivedCommands
                0x000000000800b79c      0x1c4 ./Middlewares/Third_Party/FreeRTOS/Source/timers.o
 .text.prvSwitchTimerLists
                0x000000000800b960       0xc8 ./Middlewares/Third_Party/FreeRTOS/Source/timers.o
 .text.prvCheckForValidListAndQueue
                0x000000000800ba28       0x80 ./Middlewares/Third_Party/FreeRTOS/Source/timers.o
 .text.pxPortInitialiseStack
                0x000000000800baa8       0x68 ./Middlewares/Third_Party/FreeRTOS/Source/portable/GCC/ARM_CM4F/port.o
                0x000000000800baa8                pxPortInitialiseStack
 .text.prvTaskExitError
                0x000000000800bb10       0x58 ./Middlewares/Third_Party/FreeRTOS/Source/portable/GCC/ARM_CM4F/port.o
 *fill*         0x000000000800bb68        0x8 
 .text.SVC_Handler
                0x000000000800bb70       0x28 ./Middlewares/Third_Party/FreeRTOS/Source/portable/GCC/ARM_CM4F/port.o
                0x000000000800bb70                SVC_Handler
 .text.prvPortStartFirstTask
                0x000000000800bb98       0x28 ./Middlewares/Third_Party/FreeRTOS/Source/portable/GCC/ARM_CM4F/port.o
 .text.xPortStartScheduler
                0x000000000800bbc0      0x144 ./Middlewares/Third_Party/FreeRTOS/Source/portable/GCC/ARM_CM4F/port.o
                0x000000000800bbc0                xPortStartScheduler
 .text.vPortEnterCritical
                0x000000000800bd04       0x60 ./Middlewares/Third_Party/FreeRTOS/Source/portable/GCC/ARM_CM4F/port.o
                0x000000000800bd04                vPortEnterCritical
 .text.vPortExitCritical
                0x000000000800bd64       0x54 ./Middlewares/Third_Party/FreeRTOS/Source/portable/GCC/ARM_CM4F/port.o
                0x000000000800bd64                vPortExitCritical
 *fill*         0x000000000800bdb8        0x8 
 .text.PendSV_Handler
                0x000000000800bdc0       0x68 ./Middlewares/Third_Party/FreeRTOS/Source/portable/GCC/ARM_CM4F/port.o
                0x000000000800bdc0                PendSV_Handler
 .text.xPortSysTickHandler
                0x000000000800be28       0x44 ./Middlewares/Third_Party/FreeRTOS/Source/portable/GCC/ARM_CM4F/port.o
                0x000000000800be28                xPortSysTickHandler
 .text.vPortSetupTimerInterrupt
                0x000000000800be6c       0x48 ./Middlewares/Third_Party/FreeRTOS/Source/portable/GCC/ARM_CM4F/port.o
                0x000000000800be6c                vPortSetupTimerInterrupt
 .text.vPortEnableVFP
                0x000000000800beb4       0x14 ./Middlewares/Third_Party/FreeRTOS/Source/portable/GCC/ARM_CM4F/port.o
 .text.vPortValidateInterruptPriority
                0x000000000800bec8       0x80 ./Middlewares/Third_Party/FreeRTOS/Source/portable/GCC/ARM_CM4F/port.o
                0x000000000800bec8                vPortValidateInterruptPriority
 .text.pvPortMalloc
                0x000000000800bf48      0x198 ./Middlewares/Third_Party/FreeRTOS/Source/portable/MemMang/heap_4.o
                0x000000000800bf48                pvPortMalloc
 .text.vPortFree
                0x000000000800c0e0       0xc4 ./Middlewares/Third_Party/FreeRTOS/Source/portable/MemMang/heap_4.o
                0x000000000800c0e0                vPortFree
 .text.prvHeapInit
                0x000000000800c1a4       0xc4 ./Middlewares/Third_Party/FreeRTOS/Source/portable/MemMang/heap_4.o
 .text.prvInsertBlockIntoFreeList
                0x000000000800c268       0xb4 ./Middlewares/Third_Party/FreeRTOS/Source/portable/MemMang/heap_4.o
 .text.MX_USB_HOST_Init
                0x000000000800c31c       0x4c ./USB_HOST/App/usb_host.o
                0x000000000800c31c                MX_USB_HOST_Init
 .text.USBH_UserProcess
                0x000000000800c368       0x5c ./USB_HOST/App/usb_host.o
 .text.HAL_HCD_MspInit
                0x000000000800c3c4       0xc4 ./USB_HOST/Target/usbh_conf.o
                0x000000000800c3c4                HAL_HCD_MspInit
 .text.HAL_HCD_SOF_Callback
                0x000000000800c488       0x1c ./USB_HOST/Target/usbh_conf.o
                0x000000000800c488                HAL_HCD_SOF_Callback
 .text.HAL_HCD_Connect_Callback
                0x000000000800c4a4       0x1c ./USB_HOST/Target/usbh_conf.o
                0x000000000800c4a4                HAL_HCD_Connect_Callback
 .text.HAL_HCD_Disconnect_Callback
                0x000000000800c4c0       0x1c ./USB_HOST/Target/usbh_conf.o
                0x000000000800c4c0                HAL_HCD_Disconnect_Callback
 .text.HAL_HCD_HC_NotifyURBChange_Callback
                0x000000000800c4dc       0x24 ./USB_HOST/Target/usbh_conf.o
                0x000000000800c4dc                HAL_HCD_HC_NotifyURBChange_Callback
 .text.HAL_HCD_PortEnabled_Callback
                0x000000000800c500       0x1c ./USB_HOST/Target/usbh_conf.o
                0x000000000800c500                HAL_HCD_PortEnabled_Callback
 .text.HAL_HCD_PortDisabled_Callback
                0x000000000800c51c       0x1c ./USB_HOST/Target/usbh_conf.o
                0x000000000800c51c                HAL_HCD_PortDisabled_Callback
 .text.USBH_LL_Init
                0x000000000800c538       0x78 ./USB_HOST/Target/usbh_conf.o
                0x000000000800c538                USBH_LL_Init
 .text.USBH_LL_Start
                0x000000000800c5b0       0x36 ./USB_HOST/Target/usbh_conf.o
                0x000000000800c5b0                USBH_LL_Start
 .text.USBH_LL_Stop
                0x000000000800c5e6       0x36 ./USB_HOST/Target/usbh_conf.o
                0x000000000800c5e6                USBH_LL_Stop
 .text.USBH_LL_GetSpeed
                0x000000000800c61c       0x4e ./USB_HOST/Target/usbh_conf.o
                0x000000000800c61c                USBH_LL_GetSpeed
 .text.USBH_LL_ResetPort
                0x000000000800c66a       0x36 ./USB_HOST/Target/usbh_conf.o
                0x000000000800c66a                USBH_LL_ResetPort
 .text.USBH_LL_GetLastXferSize
                0x000000000800c6a0       0x26 ./USB_HOST/Target/usbh_conf.o
                0x000000000800c6a0                USBH_LL_GetLastXferSize
 .text.USBH_LL_OpenPipe
                0x000000000800c6c6       0x5e ./USB_HOST/Target/usbh_conf.o
                0x000000000800c6c6                USBH_LL_OpenPipe
 .text.USBH_LL_ClosePipe
                0x000000000800c724       0x3e ./USB_HOST/Target/usbh_conf.o
                0x000000000800c724                USBH_LL_ClosePipe
 .text.USBH_LL_SubmitURB
                0x000000000800c762       0x62 ./USB_HOST/Target/usbh_conf.o
                0x000000000800c762                USBH_LL_SubmitURB
 .text.USBH_LL_GetURBState
                0x000000000800c7c4       0x26 ./USB_HOST/Target/usbh_conf.o
                0x000000000800c7c4                USBH_LL_GetURBState
 .text.USBH_LL_DriverVBUS
                0x000000000800c7ea       0x2e ./USB_HOST/Target/usbh_conf.o
                0x000000000800c7ea                USBH_LL_DriverVBUS
 .text.USBH_LL_SetToggle
                0x000000000800c818       0x60 ./USB_HOST/Target/usbh_conf.o
                0x000000000800c818                USBH_LL_SetToggle
 .text.USBH_Delay
                0x000000000800c878       0x16 ./USB_HOST/Target/usbh_conf.o
                0x000000000800c878                USBH_Delay
 *fill*         0x000000000800c88e        0x2 
 .text.USBH_Get_USB_Status
                0x000000000800c890       0x58 ./USB_HOST/Target/usbh_conf.o
                0x000000000800c890                USBH_Get_USB_Status
 .text.MX_DriverVbusFS
                0x000000000800c8e8       0x38 ./USB_HOST/Target/usbh_platform.o
                0x000000000800c8e8                MX_DriverVbusFS
 .text.__errno  0x000000000800c920        0xc c:/st/stm32cubeide_1.8.0/stm32cubeide/plugins/com.st.stm32cube.ide.mcu.externaltools.gnu-tools-for-stm32.10.3-2021.10.win32_1.0.200.202301161003/tools/bin/../lib/gcc/arm-none-eabi/10.3.1/../../../../arm-none-eabi/lib/thumb/v7e-m+fp/hard\libc_nano.a(lib_a-errno.o)
                0x000000000800c920                __errno
 .text.__libc_init_array
                0x000000000800c92c       0x48 c:/st/stm32cubeide_1.8.0/stm32cubeide/plugins/com.st.stm32cube.ide.mcu.externaltools.gnu-tools-for-stm32.10.3-2021.10.win32_1.0.200.202301161003/tools/bin/../lib/gcc/arm-none-eabi/10.3.1/../../../../arm-none-eabi/lib/thumb/v7e-m+fp/hard\libc_nano.a(lib_a-init.o)
                0x000000000800c92c                __libc_init_array
 .text.malloc   0x000000000800c974       0x10 c:/st/stm32cubeide_1.8.0/stm32cubeide/plugins/com.st.stm32cube.ide.mcu.externaltools.gnu-tools-for-stm32.10.3-2021.10.win32_1.0.200.202301161003/tools/bin/../lib/gcc/arm-none-eabi/10.3.1/../../../../arm-none-eabi/lib/thumb/v7e-m+fp/hard\libc_nano.a(lib_a-malloc.o)
                0x000000000800c974                malloc
 .text.free     0x000000000800c984       0x10 c:/st/stm32cubeide_1.8.0/stm32cubeide/plugins/com.st.stm32cube.ide.mcu.externaltools.gnu-tools-for-stm32.10.3-2021.10.win32_1.0.200.202301161003/tools/bin/../lib/gcc/arm-none-eabi/10.3.1/../../../../arm-none-eabi/lib/thumb/v7e-m+fp/hard\libc_nano.a(lib_a-malloc.o)
                0x000000000800c984                free
 .text.memcpy   0x000000000800c994       0x1c c:/st/stm32cubeide_1.8.0/stm32cubeide/plugins/com.st.stm32cube.ide.mcu.externaltools.gnu-tools-for-stm32.10.3-2021.10.win32_1.0.200.202301161003/tools/bin/../lib/gcc/arm-none-eabi/10.3.1/../../../../arm-none-eabi/lib/thumb/v7e-m+fp/hard\libc_nano.a(lib_a-memcpy-stub.o)
                0x000000000800c994                memcpy
 .text.memset   0x000000000800c9b0       0x10 c:/st/stm32cubeide_1.8.0/stm32cubeide/plugins/com.st.stm32cube.ide.mcu.externaltools.gnu-tools-for-stm32.10.3-2021.10.win32_1.0.200.202301161003/tools/bin/../lib/gcc/arm-none-eabi/10.3.1/../../../../arm-none-eabi/lib/thumb/v7e-m+fp/hard\libc_nano.a(lib_a-memset.o)
                0x000000000800c9b0                memset
 .text._free_r  0x000000000800c9c0       0x98 c:/st/stm32cubeide_1.8.0/stm32cubeide/plugins/com.st.stm32cube.ide.mcu.externaltools.gnu-tools-for-stm32.10.3-2021.10.win32_1.0.200.202301161003/tools/bin/../lib/gcc/arm-none-eabi/10.3.1/../../../../arm-none-eabi/lib/thumb/v7e-m+fp/hard\libc_nano.a(lib_a-nano-freer.o)
                0x000000000800c9c0                _free_r
 .text.sbrk_aligned
                0x000000000800ca58       0x40 c:/st/stm32cubeide_1.8.0/stm32cubeide/plugins/com.st.stm32cube.ide.mcu.externaltools.gnu-tools-for-stm32.10.3-2021.10.win32_1.0.200.202301161003/tools/bin/../lib/gcc/arm-none-eabi/10.3.1/../../../../arm-none-eabi/lib/thumb/v7e-m+fp/hard\libc_nano.a(lib_a-nano-mallocr.o)
 .text._malloc_r
                0x000000000800ca98       0xe8 c:/st/stm32cubeide_1.8.0/stm32cubeide/plugins/com.st.stm32cube.ide.mcu.externaltools.gnu-tools-for-stm32.10.3-2021.10.win32_1.0.200.202301161003/tools/bin/../lib/gcc/arm-none-eabi/10.3.1/../../../../arm-none-eabi/lib/thumb/v7e-m+fp/hard\libc_nano.a(lib_a-nano-mallocr.o)
                0x000000000800ca98                _malloc_r
 .text._sbrk_r  0x000000000800cb80       0x20 c:/st/stm32cubeide_1.8.0/stm32cubeide/plugins/com.st.stm32cube.ide.mcu.externaltools.gnu-tools-for-stm32.10.3-2021.10.win32_1.0.200.202301161003/tools/bin/../lib/gcc/arm-none-eabi/10.3.1/../../../../arm-none-eabi/lib/thumb/v7e-m+fp/hard\libc_nano.a(lib_a-sbrkr.o)
                0x000000000800cb80                _sbrk_r
 .text.sprintf  0x000000000800cba0       0x40 c:/st/stm32cubeide_1.8.0/stm32cubeide/plugins/com.st.stm32cube.ide.mcu.externaltools.gnu-tools-for-stm32.10.3-2021.10.win32_1.0.200.202301161003/tools/bin/../lib/gcc/arm-none-eabi/10.3.1/../../../../arm-none-eabi/lib/thumb/v7e-m+fp/hard\libc_nano.a(lib_a-sprintf.o)
                0x000000000800cba0                siprintf
                0x000000000800cba0                sprintf
 .text.__malloc_lock
                0x000000000800cbe0        0xc c:/st/stm32cubeide_1.8.0/stm32cubeide/plugins/com.st.stm32cube.ide.mcu.externaltools.gnu-tools-for-stm32.10.3-2021.10.win32_1.0.200.202301161003/tools/bin/../lib/gcc/arm-none-eabi/10.3.1/../../../../arm-none-eabi/lib/thumb/v7e-m+fp/hard\libc_nano.a(lib_a-mlock.o)
                0x000000000800cbe0                __malloc_lock
 .text.__malloc_unlock
                0x000000000800cbec        0xc c:/st/stm32cubeide_1.8.0/stm32cubeide/plugins/com.st.stm32cube.ide.mcu.externaltools.gnu-tools-for-stm32.10.3-2021.10.win32_1.0.200.202301161003/tools/bin/../lib/gcc/arm-none-eabi/10.3.1/../../../../arm-none-eabi/lib/thumb/v7e-m+fp/hard\libc_nano.a(lib_a-mlock.o)
                0x000000000800cbec                __malloc_unlock
 .text.__ssputs_r
                0x000000000800cbf8       0xb6 c:/st/stm32cubeide_1.8.0/stm32cubeide/plugins/com.st.stm32cube.ide.mcu.externaltools.gnu-tools-for-stm32.10.3-2021.10.win32_1.0.200.202301161003/tools/bin/../lib/gcc/arm-none-eabi/10.3.1/../../../../arm-none-eabi/lib/thumb/v7e-m+fp/hard\libc_nano.a(lib_a-nano-svfprintf.o)
                0x000000000800cbf8                __ssputs_r
 *fill*         0x000000000800ccae        0x2 
 .text._svfprintf_r
                0x000000000800ccb0      0x200 c:/st/stm32cubeide_1.8.0/stm32cubeide/plugins/com.st.stm32cube.ide.mcu.externaltools.gnu-tools-for-stm32.10.3-2021.10.win32_1.0.200.202301161003/tools/bin/../lib/gcc/arm-none-eabi/10.3.1/../../../../arm-none-eabi/lib/thumb/v7e-m+fp/hard\libc_nano.a(lib_a-nano-svfprintf.o)
                0x000000000800ccb0                _svfiprintf_r
                0x000000000800ccb0                _svfprintf_r
 .text._printf_common
                0x000000000800ceb0       0xda c:/st/stm32cubeide_1.8.0/stm32cubeide/plugins/com.st.stm32cube.ide.mcu.externaltools.gnu-tools-for-stm32.10.3-2021.10.win32_1.0.200.202301161003/tools/bin/../lib/gcc/arm-none-eabi/10.3.1/../../../../arm-none-eabi/lib/thumb/v7e-m+fp/hard\libc_nano.a(lib_a-nano-vfprintf_i.o)
                0x000000000800ceb0                _printf_common
 *fill*         0x000000000800cf8a        0x2 
 .text._printf_i
                0x000000000800cf8c      0x24c c:/st/stm32cubeide_1.8.0/stm32cubeide/plugins/com.st.stm32cube.ide.mcu.externaltools.gnu-tools-for-stm32.10.3-2021.10.win32_1.0.200.202301161003/tools/bin/../lib/gcc/arm-none-eabi/10.3.1/../../../../arm-none-eabi/lib/thumb/v7e-m+fp/hard\libc_nano.a(lib_a-nano-vfprintf_i.o)
                0x000000000800cf8c                _printf_i
 .text.__retarget_lock_acquire_recursive
                0x000000000800d1d8        0x2 c:/st/stm32cubeide_1.8.0/stm32cubeide/plugins/com.st.stm32cube.ide.mcu.externaltools.gnu-tools-for-stm32.10.3-2021.10.win32_1.0.200.202301161003/tools/bin/../lib/gcc/arm-none-eabi/10.3.1/../../../../arm-none-eabi/lib/thumb/v7e-m+fp/hard\libc_nano.a(lib_a-lock.o)
                0x000000000800d1d8                __retarget_lock_acquire_recursive
 .text.__retarget_lock_release_recursive
                0x000000000800d1da        0x2 c:/st/stm32cubeide_1.8.0/stm32cubeide/plugins/com.st.stm32cube.ide.mcu.externaltools.gnu-tools-for-stm32.10.3-2021.10.win32_1.0.200.202301161003/tools/bin/../lib/gcc/arm-none-eabi/10.3.1/../../../../arm-none-eabi/lib/thumb/v7e-m+fp/hard\libc_nano.a(lib_a-lock.o)
                0x000000000800d1da                __retarget_lock_release_recursive
 .text.memmove  0x000000000800d1dc       0x34 c:/st/stm32cubeide_1.8.0/stm32cubeide/plugins/com.st.stm32cube.ide.mcu.externaltools.gnu-tools-for-stm32.10.3-2021.10.win32_1.0.200.202301161003/tools/bin/../lib/gcc/arm-none-eabi/10.3.1/../../../../arm-none-eabi/lib/thumb/v7e-m+fp/hard\libc_nano.a(lib_a-memmove.o)
                0x000000000800d1dc                memmove
 .text._realloc_r
                0x000000000800d210       0x5e c:/st/stm32cubeide_1.8.0/stm32cubeide/plugins/com.st.stm32cube.ide.mcu.externaltools.gnu-tools-for-stm32.10.3-2021.10.win32_1.0.200.202301161003/tools/bin/../lib/gcc/arm-none-eabi/10.3.1/../../../../arm-none-eabi/lib/thumb/v7e-m+fp/hard\libc_nano.a(lib_a-nano-reallocr.o)
                0x000000000800d210                _realloc_r
 .text._malloc_usable_size_r
                0x000000000800d26e       0x10 c:/st/stm32cubeide_1.8.0/stm32cubeide/plugins/com.st.stm32cube.ide.mcu.externaltools.gnu-tools-for-stm32.10.3-2021.10.win32_1.0.200.202301161003/tools/bin/../lib/gcc/arm-none-eabi/10.3.1/../../../../arm-none-eabi/lib/thumb/v7e-m+fp/hard\libc_nano.a(lib_a-nano-msizer.o)
                0x000000000800d26e                _malloc_usable_size_r
 *(.glue_7)
 .glue_7        0x000000000800d27e        0x0 linker stubs
 *(.glue_7t)
 .glue_7t       0x000000000800d27e        0x0 linker stubs
 *(.eh_frame)
 *fill*         0x000000000800d27e        0x2 
 .eh_frame      0x000000000800d280        0x0 c:/st/stm32cubeide_1.8.0/stm32cubeide/plugins/com.st.stm32cube.ide.mcu.externaltools.gnu-tools-for-stm32.10.3-2021.10.win32_1.0.200.202301161003/tools/bin/../lib/gcc/arm-none-eabi/10.3.1/thumb/v7e-m+fp/hard/crtbegin.o
 *(.init)
 .init          0x000000000800d280        0x4 c:/st/stm32cubeide_1.8.0/stm32cubeide/plugins/com.st.stm32cube.ide.mcu.externaltools.gnu-tools-for-stm32.10.3-2021.10.win32_1.0.200.202301161003/tools/bin/../lib/gcc/arm-none-eabi/10.3.1/thumb/v7e-m+fp/hard/crti.o
                0x000000000800d280                _init
 .init          0x000000000800d284        0x8 c:/st/stm32cubeide_1.8.0/stm32cubeide/plugins/com.st.stm32cube.ide.mcu.externaltools.gnu-tools-for-stm32.10.3-2021.10.win32_1.0.200.202301161003/tools/bin/../lib/gcc/arm-none-eabi/10.3.1/thumb/v7e-m+fp/hard/crtn.o
 *(.fini)
 .fini          0x000000000800d28c        0x4 c:/st/stm32cubeide_1.8.0/stm32cubeide/plugins/com.st.stm32cube.ide.mcu.externaltools.gnu-tools-for-stm32.10.3-2021.10.win32_1.0.200.202301161003/tools/bin/../lib/gcc/arm-none-eabi/10.3.1/thumb/v7e-m+fp/hard/crti.o
                0x000000000800d28c                _fini
 .fini          0x000000000800d290        0x8 c:/st/stm32cubeide_1.8.0/stm32cubeide/plugins/com.st.stm32cube.ide.mcu.externaltools.gnu-tools-for-stm32.10.3-2021.10.win32_1.0.200.202301161003/tools/bin/../lib/gcc/arm-none-eabi/10.3.1/thumb/v7e-m+fp/hard/crtn.o
                0x000000000800d298                . = ALIGN (0x4)
                0x000000000800d298                _etext = .

.vfp11_veneer   0x000000000800d298        0x0
 .vfp11_veneer  0x000000000800d298        0x0 linker stubs

.v4_bx          0x000000000800d298        0x0
 .v4_bx         0x000000000800d298        0x0 linker stubs

.iplt           0x000000000800d298        0x0
 .iplt          0x000000000800d298        0x0 c:/st/stm32cubeide_1.8.0/stm32cubeide/plugins/com.st.stm32cube.ide.mcu.externaltools.gnu-tools-for-stm32.10.3-2021.10.win32_1.0.200.202301161003/tools/bin/../lib/gcc/arm-none-eabi/10.3.1/thumb/v7e-m+fp/hard/crtbegin.o

.rodata         0x000000000800d298      0x108
                0x000000000800d298                . = ALIGN (0x4)
 *(.rodata)
 .rodata        0x000000000800d298       0x26 ./Core/Src/main.o
 *fill*         0x000000000800d2be        0x2 
 .rodata        0x000000000800d2c0        0x4 ./Middlewares/ST/STM32_USB_Host_Library/Class/CDC/Src/usbh_cdc.o
 .rodata        0x000000000800d2c4        0xb ./Middlewares/ST/STM32_USB_Host_Library/Core/Src/usbh_core.o
 *fill*         0x000000000800d2cf        0x1 
 .rodata        0x000000000800d2d0        0x5 ./Middlewares/Third_Party/FreeRTOS/Source/tasks.o
 *fill*         0x000000000800d2d5        0x3 
 .rodata        0x000000000800d2d8        0xd ./Middlewares/Third_Party/FreeRTOS/Source/timers.o
 *(.rodata*)
 *fill*         0x000000000800d2e5        0x3 
 .rodata.nhanUart_attributes
                0x000000000800d2e8       0x24 ./Core/Src/main.o
                0x000000000800d2e8                nhanUart_attributes
 .rodata.run_attributes
                0x000000000800d30c       0x24 ./Core/Src/main.o
                0x000000000800d30c                run_attributes
 .rodata.ADCread_attributes
                0x000000000800d330       0x24 ./Core/Src/main.o
                0x000000000800d330                ADCread_attributes
 .rodata.AHBPrescTable
                0x000000000800d354       0x10 ./Core/Src/system_stm32f4xx.o
                0x000000000800d354                AHBPrescTable
 .rodata.APBPrescTable
                0x000000000800d364        0x8 ./Core/Src/system_stm32f4xx.o
                0x000000000800d364                APBPrescTable
 .rodata._svfprintf_r.str1.1
                0x000000000800d36c       0x11 c:/st/stm32cubeide_1.8.0/stm32cubeide/plugins/com.st.stm32cube.ide.mcu.externaltools.gnu-tools-for-stm32.10.3-2021.10.win32_1.0.200.202301161003/tools/bin/../lib/gcc/arm-none-eabi/10.3.1/../../../../arm-none-eabi/lib/thumb/v7e-m+fp/hard\libc_nano.a(lib_a-nano-svfprintf.o)
 .rodata._printf_i.str1.1
                0x000000000800d37d       0x22 c:/st/stm32cubeide_1.8.0/stm32cubeide/plugins/com.st.stm32cube.ide.mcu.externaltools.gnu-tools-for-stm32.10.3-2021.10.win32_1.0.200.202301161003/tools/bin/../lib/gcc/arm-none-eabi/10.3.1/../../../../arm-none-eabi/lib/thumb/v7e-m+fp/hard\libc_nano.a(lib_a-nano-vfprintf_i.o)
                0x000000000800d3a0                . = ALIGN (0x4)
 *fill*         0x000000000800d39f        0x1 

.ARM.extab      0x000000000800d3a0        0x0
                0x000000000800d3a0                . = ALIGN (0x4)
 *(.ARM.extab* .gnu.linkonce.armextab.*)
                0x000000000800d3a0                . = ALIGN (0x4)

.ARM            0x000000000800d3a0        0x8
                0x000000000800d3a0                . = ALIGN (0x4)
                0x000000000800d3a0                __exidx_start = .
 *(.ARM.exidx*)
 .ARM.exidx     0x000000000800d3a0        0x8 c:/st/stm32cubeide_1.8.0/stm32cubeide/plugins/com.st.stm32cube.ide.mcu.externaltools.gnu-tools-for-stm32.10.3-2021.10.win32_1.0.200.202301161003/tools/bin/../lib/gcc/arm-none-eabi/10.3.1/thumb/v7e-m+fp/hard\libgcc.a(_udivmoddi4.o)
                0x000000000800d3a8                __exidx_end = .
                0x000000000800d3a8                . = ALIGN (0x4)

.rel.dyn        0x000000000800d3a8        0x0
 .rel.iplt      0x000000000800d3a8        0x0 c:/st/stm32cubeide_1.8.0/stm32cubeide/plugins/com.st.stm32cube.ide.mcu.externaltools.gnu-tools-for-stm32.10.3-2021.10.win32_1.0.200.202301161003/tools/bin/../lib/gcc/arm-none-eabi/10.3.1/thumb/v7e-m+fp/hard/crtbegin.o

.preinit_array  0x000000000800d3a8        0x0
                0x000000000800d3a8                . = ALIGN (0x4)
                0x000000000800d3a8                PROVIDE (__preinit_array_start = .)
 *(.preinit_array*)
                0x000000000800d3a8                PROVIDE (__preinit_array_end = .)
                0x000000000800d3a8                . = ALIGN (0x4)

.init_array     0x000000000800d3a8        0x4
                0x000000000800d3a8                . = ALIGN (0x4)
                0x000000000800d3a8                PROVIDE (__init_array_start = .)
 *(SORT_BY_NAME(.init_array.*))
 *(.init_array*)
 .init_array    0x000000000800d3a8        0x4 c:/st/stm32cubeide_1.8.0/stm32cubeide/plugins/com.st.stm32cube.ide.mcu.externaltools.gnu-tools-for-stm32.10.3-2021.10.win32_1.0.200.202301161003/tools/bin/../lib/gcc/arm-none-eabi/10.3.1/thumb/v7e-m+fp/hard/crtbegin.o
                0x000000000800d3ac                PROVIDE (__init_array_end = .)
                0x000000000800d3ac                . = ALIGN (0x4)

.fini_array     0x000000000800d3ac        0x4
                0x000000000800d3ac                . = ALIGN (0x4)
                [!provide]                        PROVIDE (__fini_array_start = .)
 *(SORT_BY_NAME(.fini_array.*))
 *(.fini_array*)
 .fini_array    0x000000000800d3ac        0x4 c:/st/stm32cubeide_1.8.0/stm32cubeide/plugins/com.st.stm32cube.ide.mcu.externaltools.gnu-tools-for-stm32.10.3-2021.10.win32_1.0.200.202301161003/tools/bin/../lib/gcc/arm-none-eabi/10.3.1/thumb/v7e-m+fp/hard/crtbegin.o
                [!provide]                        PROVIDE (__fini_array_end = .)
                0x000000000800d3b0                . = ALIGN (0x4)
                0x000000000800d3b0                _sidata = LOADADDR (.data)

.data           0x0000000020000000       0x94 load address 0x000000000800d3b0
                0x0000000020000000                . = ALIGN (0x4)
                0x0000000020000000                _sdata = .
 *(.data)
 *(.data*)
 .data.SystemCoreClock
                0x0000000020000000        0x4 ./Core/Src/system_stm32f4xx.o
                0x0000000020000000                SystemCoreClock
 .data.uwTickPrio
                0x0000000020000004        0x4 ./Drivers/STM32F4xx_HAL_Driver/Src/stm32f4xx_hal.o
                0x0000000020000004                uwTickPrio
 .data.uwTickFreq
                0x0000000020000008        0x1 ./Drivers/STM32F4xx_HAL_Driver/Src/stm32f4xx_hal.o
                0x0000000020000008                uwTickFreq
 *fill*         0x0000000020000009        0x3 
 .data.CDC_Class
                0x000000002000000c       0x20 ./Middlewares/ST/STM32_USB_Host_Library/Class/CDC/Src/usbh_cdc.o
                0x000000002000000c                CDC_Class
 .data.uxCriticalNesting
                0x000000002000002c        0x4 ./Middlewares/Third_Party/FreeRTOS/Source/portable/GCC/ARM_CM4F/port.o
 .data._impure_ptr
                0x0000000020000030        0x4 c:/st/stm32cubeide_1.8.0/stm32cubeide/plugins/com.st.stm32cube.ide.mcu.externaltools.gnu-tools-for-stm32.10.3-2021.10.win32_1.0.200.202301161003/tools/bin/../lib/gcc/arm-none-eabi/10.3.1/../../../../arm-none-eabi/lib/thumb/v7e-m+fp/hard\libc_nano.a(lib_a-impure.o)
                0x0000000020000030                _impure_ptr
 .data.impure_data
                0x0000000020000034       0x60 c:/st/stm32cubeide_1.8.0/stm32cubeide/plugins/com.st.stm32cube.ide.mcu.externaltools.gnu-tools-for-stm32.10.3-2021.10.win32_1.0.200.202301161003/tools/bin/../lib/gcc/arm-none-eabi/10.3.1/../../../../arm-none-eabi/lib/thumb/v7e-m+fp/hard\libc_nano.a(lib_a-impure.o)
 *(.RamFunc)
 *(.RamFunc*)
                0x0000000020000094                . = ALIGN (0x4)
                0x0000000020000094                _edata = .
                0x000000000800d444                _siccmram = LOADADDR (.ccmram)

.igot.plt       0x0000000020000094        0x0 load address 0x000000000800d444
 .igot.plt      0x0000000020000094        0x0 c:/st/stm32cubeide_1.8.0/stm32cubeide/plugins/com.st.stm32cube.ide.mcu.externaltools.gnu-tools-for-stm32.10.3-2021.10.win32_1.0.200.202301161003/tools/bin/../lib/gcc/arm-none-eabi/10.3.1/thumb/v7e-m+fp/hard/crtbegin.o

.ccmram         0x0000000010000000        0x0 load address 0x000000000800d444
                0x0000000010000000                . = ALIGN (0x4)
                0x0000000010000000                _sccmram = .
 *(.ccmram)
 *(.ccmram*)
                0x0000000010000000                . = ALIGN (0x4)
                0x0000000010000000                _eccmram = .
                0x0000000010000000                . = ALIGN (0x4)

.bss            0x0000000020000094     0x5184
                0x0000000020000094                _sbss = .
                0x0000000020000094                __bss_start__ = _sbss
 *(.bss)
 .bss           0x0000000020000094       0x1c c:/st/stm32cubeide_1.8.0/stm32cubeide/plugins/com.st.stm32cube.ide.mcu.externaltools.gnu-tools-for-stm32.10.3-2021.10.win32_1.0.200.202301161003/tools/bin/../lib/gcc/arm-none-eabi/10.3.1/thumb/v7e-m+fp/hard/crtbegin.o
 *(.bss*)
 .bss.hadc1     0x00000000200000b0       0x48 ./Core/Src/main.o
                0x00000000200000b0                hadc1
 .bss.htim4     0x00000000200000f8       0x48 ./Core/Src/main.o
                0x00000000200000f8                htim4
 .bss.huart4    0x0000000020000140       0x44 ./Core/Src/main.o
                0x0000000020000140                huart4
 .bss.nhanUartHandle
                0x0000000020000184        0x4 ./Core/Src/main.o
                0x0000000020000184                nhanUartHandle
 .bss.runHandle
                0x0000000020000188        0x4 ./Core/Src/main.o
                0x0000000020000188                runHandle
 .bss.ADCreadHandle
                0x000000002000018c        0x4 ./Core/Src/main.o
                0x000000002000018c                ADCreadHandle
 .bss.check     0x0000000020000190        0x1 ./Core/Src/main.o
                0x0000000020000190                check
 *fill*         0x0000000020000191        0x1 
 .bss.raw       0x0000000020000192        0x2 ./Core/Src/main.o
                0x0000000020000192                raw
 .bss.msg       0x0000000020000194        0xa ./Core/Src/main.o
                0x0000000020000194                msg
 *fill*         0x000000002000019e        0x2 
 .bss.__sbrk_heap_end
                0x00000000200001a0        0x4 ./Core/Src/sysmem.o
 .bss.uwTick    0x00000000200001a4        0x4 ./Drivers/STM32F4xx_HAL_Driver/Src/stm32f4xx_hal.o
                0x00000000200001a4                uwTick
 .bss.USBH_Thread_Atrr
                0x00000000200001a8       0x24 ./Middlewares/ST/STM32_USB_Host_Library/Core/Src/usbh_core.o
                0x00000000200001a8                USBH_Thread_Atrr
 .bss.KernelState
                0x00000000200001cc        0x4 ./Middlewares/Third_Party/FreeRTOS/Source/CMSIS_RTOS_V2/cmsis_os2.o
 .bss.Idle_TCB.3
                0x00000000200001d0       0x5c ./Middlewares/Third_Party/FreeRTOS/Source/CMSIS_RTOS_V2/cmsis_os2.o
 .bss.Idle_Stack.2
                0x000000002000022c      0x200 ./Middlewares/Third_Party/FreeRTOS/Source/CMSIS_RTOS_V2/cmsis_os2.o
 .bss.Timer_TCB.1
                0x000000002000042c       0x5c ./Middlewares/Third_Party/FreeRTOS/Source/CMSIS_RTOS_V2/cmsis_os2.o
 .bss.Timer_Stack.0
                0x0000000020000488      0x400 ./Middlewares/Third_Party/FreeRTOS/Source/CMSIS_RTOS_V2/cmsis_os2.o
 .bss.xQueueRegistry
                0x0000000020000888       0x40 ./Middlewares/Third_Party/FreeRTOS/Source/queue.o
                0x0000000020000888                xQueueRegistry
 .bss.pxCurrentTCB
                0x00000000200008c8        0x4 ./Middlewares/Third_Party/FreeRTOS/Source/tasks.o
                0x00000000200008c8                pxCurrentTCB
 .bss.pxReadyTasksLists
                0x00000000200008cc      0x460 ./Middlewares/Third_Party/FreeRTOS/Source/tasks.o
 .bss.xDelayedTaskList1
                0x0000000020000d2c       0x14 ./Middlewares/Third_Party/FreeRTOS/Source/tasks.o
 .bss.xDelayedTaskList2
                0x0000000020000d40       0x14 ./Middlewares/Third_Party/FreeRTOS/Source/tasks.o
 .bss.pxDelayedTaskList
                0x0000000020000d54        0x4 ./Middlewares/Third_Party/FreeRTOS/Source/tasks.o
 .bss.pxOverflowDelayedTaskList
                0x0000000020000d58        0x4 ./Middlewares/Third_Party/FreeRTOS/Source/tasks.o
 .bss.xPendingReadyList
                0x0000000020000d5c       0x14 ./Middlewares/Third_Party/FreeRTOS/Source/tasks.o
 .bss.xTasksWaitingTermination
                0x0000000020000d70       0x14 ./Middlewares/Third_Party/FreeRTOS/Source/tasks.o
 .bss.uxDeletedTasksWaitingCleanUp
                0x0000000020000d84        0x4 ./Middlewares/Third_Party/FreeRTOS/Source/tasks.o
 .bss.xSuspendedTaskList
                0x0000000020000d88       0x14 ./Middlewares/Third_Party/FreeRTOS/Source/tasks.o
 .bss.uxCurrentNumberOfTasks
                0x0000000020000d9c        0x4 ./Middlewares/Third_Party/FreeRTOS/Source/tasks.o
 .bss.xTickCount
                0x0000000020000da0        0x4 ./Middlewares/Third_Party/FreeRTOS/Source/tasks.o
 .bss.uxTopReadyPriority
                0x0000000020000da4        0x4 ./Middlewares/Third_Party/FreeRTOS/Source/tasks.o
 .bss.xSchedulerRunning
                0x0000000020000da8        0x4 ./Middlewares/Third_Party/FreeRTOS/Source/tasks.o
 .bss.xPendedTicks
                0x0000000020000dac        0x4 ./Middlewares/Third_Party/FreeRTOS/Source/tasks.o
 .bss.xYieldPending
                0x0000000020000db0        0x4 ./Middlewares/Third_Party/FreeRTOS/Source/tasks.o
 .bss.xNumOfOverflows
                0x0000000020000db4        0x4 ./Middlewares/Third_Party/FreeRTOS/Source/tasks.o
 .bss.uxTaskNumber
                0x0000000020000db8        0x4 ./Middlewares/Third_Party/FreeRTOS/Source/tasks.o
 .bss.xNextTaskUnblockTime
                0x0000000020000dbc        0x4 ./Middlewares/Third_Party/FreeRTOS/Source/tasks.o
 .bss.xIdleTaskHandle
                0x0000000020000dc0        0x4 ./Middlewares/Third_Party/FreeRTOS/Source/tasks.o
 .bss.uxSchedulerSuspended
                0x0000000020000dc4        0x4 ./Middlewares/Third_Party/FreeRTOS/Source/tasks.o
 .bss.xActiveTimerList1
                0x0000000020000dc8       0x14 ./Middlewares/Third_Party/FreeRTOS/Source/timers.o
 .bss.xActiveTimerList2
                0x0000000020000ddc       0x14 ./Middlewares/Third_Party/FreeRTOS/Source/timers.o
 .bss.pxCurrentTimerList
                0x0000000020000df0        0x4 ./Middlewares/Third_Party/FreeRTOS/Source/timers.o
 .bss.pxOverflowTimerList
                0x0000000020000df4        0x4 ./Middlewares/Third_Party/FreeRTOS/Source/timers.o
 .bss.xTimerQueue
                0x0000000020000df8        0x4 ./Middlewares/Third_Party/FreeRTOS/Source/timers.o
 .bss.xTimerTaskHandle
                0x0000000020000dfc        0x4 ./Middlewares/Third_Party/FreeRTOS/Source/timers.o
 .bss.xLastTime.2
                0x0000000020000e00        0x4 ./Middlewares/Third_Party/FreeRTOS/Source/timers.o
 .bss.ucStaticTimerQueueStorage.1
                0x0000000020000e04       0xa0 ./Middlewares/Third_Party/FreeRTOS/Source/timers.o
 .bss.xStaticTimerQueue.0
                0x0000000020000ea4       0x50 ./Middlewares/Third_Party/FreeRTOS/Source/timers.o
 .bss.ucMaxSysCallPriority
                0x0000000020000ef4        0x1 ./Middlewares/Third_Party/FreeRTOS/Source/portable/GCC/ARM_CM4F/port.o
 *fill*         0x0000000020000ef5        0x3 
 .bss.ulMaxPRIGROUPValue
                0x0000000020000ef8        0x4 ./Middlewares/Third_Party/FreeRTOS/Source/portable/GCC/ARM_CM4F/port.o
 .bss.ucHeap    0x0000000020000efc     0x3c00 ./Middlewares/Third_Party/FreeRTOS/Source/portable/MemMang/heap_4.o
 .bss.xStart    0x0000000020004afc        0x8 ./Middlewares/Third_Party/FreeRTOS/Source/portable/MemMang/heap_4.o
 .bss.pxEnd     0x0000000020004b04        0x4 ./Middlewares/Third_Party/FreeRTOS/Source/portable/MemMang/heap_4.o
 .bss.xFreeBytesRemaining
                0x0000000020004b08        0x4 ./Middlewares/Third_Party/FreeRTOS/Source/portable/MemMang/heap_4.o
 .bss.xMinimumEverFreeBytesRemaining
                0x0000000020004b0c        0x4 ./Middlewares/Third_Party/FreeRTOS/Source/portable/MemMang/heap_4.o
 .bss.xNumberOfSuccessfulAllocations
                0x0000000020004b10        0x4 ./Middlewares/Third_Party/FreeRTOS/Source/portable/MemMang/heap_4.o
 .bss.xNumberOfSuccessfulFrees
                0x0000000020004b14        0x4 ./Middlewares/Third_Party/FreeRTOS/Source/portable/MemMang/heap_4.o
 .bss.xBlockAllocatedBit
                0x0000000020004b18        0x4 ./Middlewares/Third_Party/FreeRTOS/Source/portable/MemMang/heap_4.o
 .bss.hUsbHostFS
                0x0000000020004b1c      0x3e4 ./USB_HOST/App/usb_host.o
                0x0000000020004b1c                hUsbHostFS
 .bss.Appli_state
                0x0000000020004f00        0x1 ./USB_HOST/App/usb_host.o