../Core/Src/main.c:89:7:dithang	8	static
../Core/Src/main.c:94:7:dilui	8	static
../Core/Src/main.c:99:7:dunglai	8	static
../Core/Src/main.c:104:7:dingangphai	8	static
../Core/Src/main.c:110:7:dingangtrai	8	static
../Core/Src/main.c:115:7:queotrai	8	static
../Core/Src/main.c:120:7:queophai	8	static
../Core/Src/main.c:125:7:xienlen_trai	8	static
../Core/Src/main.c:131:7:xienxuong_phai	8	static
../Core/Src/main.c:137:7:xienlen_phai	8	static
../Core/Src/main.c:143:7:xienxuong_trai	8	static
../Core/Src/main.c:166:5:main	8	static
../Core/Src/main.c:257:6:SystemClock_Config	88	static
../Core/Src/main.c:303:13:MX_ADC1_Init	24	static
../Core/Src/main.c:355:13:MX_TIM4_Init	64	static
../Core/Src/main.c:414:13:MX_UART4_Init	8	static
../Core/Src/main.c:447:13:MX_GPIO_Init	56	static
../Core/Src/main.c:575:6:Uart4rec	16	static
../Core/Src/main.c:602:6:runcar	16	static
../Core/Src/main.c:673:6:adcread1	16	static
../Core/Src/main.c:699:6:Error_Handler	4	static,ignoring_inline_asm
